Archive member included to satisfy reference by file (symbol)

C:/ST/STM32CubeIDE_1.19.0/STM32CubeIDE/plugins/com.st.stm32cube.ide.mcu.externaltools.gnu-tools-for-stm32.13.3.rel1.win32_1.0.0.202411081344/tools/bin/../lib/gcc/arm-none-eabi/13.3.1/../../../../arm-none-eabi/lib/thumb/v7e-m+fp/hard\libstdc++_nano.a(del_ops.o)
                              ./Core/Src/CPULoadTask.o (operator delete(void*, unsigned int))
C:/ST/STM32CubeIDE_1.19.0/STM32CubeIDE/plugins/com.st.stm32cube.ide.mcu.externaltools.gnu-tools-for-stm32.13.3.rel1.win32_1.0.0.202411081344/tools/bin/../lib/gcc/arm-none-eabi/13.3.1/../../../../arm-none-eabi/lib/thumb/v7e-m+fp/hard\libstdc++_nano.a(new_op.o)
                              ./Core/Src/Scheduler.o (operator new(unsigned int))
C:/ST/STM32CubeIDE_1.19.0/STM32CubeIDE/plugins/com.st.stm32cube.ide.mcu.externaltools.gnu-tools-for-stm32.13.3.rel1.win32_1.0.0.202411081344/tools/bin/../lib/gcc/arm-none-eabi/13.3.1/../../../../arm-none-eabi/lib/thumb/v7e-m+fp/hard\libstdc++_nano.a(functexcept.o)
                              ./Core/Src/Scheduler.o (std::__throw_bad_alloc())
C:/ST/STM32CubeIDE_1.19.0/STM32CubeIDE/plugins/com.st.stm32cube.ide.mcu.externaltools.gnu-tools-for-stm32.13.3.rel1.win32_1.0.0.202411081344/tools/bin/../lib/gcc/arm-none-eabi/13.3.1/../../../../arm-none-eabi/lib/thumb/v7e-m+fp/hard\libstdc++_nano.a(del_op.o)
                              C:/ST/STM32CubeIDE_1.19.0/STM32CubeIDE/plugins/com.st.stm32cube.ide.mcu.externaltools.gnu-tools-for-stm32.13.3.rel1.win32_1.0.0.202411081344/tools/bin/../lib/gcc/arm-none-eabi/13.3.1/../../../../arm-none-eabi/lib/thumb/v7e-m+fp/hard\libstdc++_nano.a(del_ops.o) (operator delete(void*))
C:/ST/STM32CubeIDE_1.19.0/STM32CubeIDE/plugins/com.st.stm32cube.ide.mcu.externaltools.gnu-tools-for-stm32.13.3.rel1.win32_1.0.0.202411081344/tools/bin/../lib/gcc/arm-none-eabi/13.3.1/../../../../arm-none-eabi/lib/thumb/v7e-m+fp/hard\libstdc++_nano.a(new_handler.o)
                              C:/ST/STM32CubeIDE_1.19.0/STM32CubeIDE/plugins/com.st.stm32cube.ide.mcu.externaltools.gnu-tools-for-stm32.13.3.rel1.win32_1.0.0.202411081344/tools/bin/../lib/gcc/arm-none-eabi/13.3.1/../../../../arm-none-eabi/lib/thumb/v7e-m+fp/hard\libstdc++_nano.a(new_op.o) (std::get_new_handler())
C:/ST/STM32CubeIDE_1.19.0/STM32CubeIDE/plugins/com.st.stm32cube.ide.mcu.externaltools.gnu-tools-for-stm32.13.3.rel1.win32_1.0.0.202411081344/tools/bin/../lib/gcc/arm-none-eabi/13.3.1/../../../../arm-none-eabi/lib/thumb/v7e-m+fp/hard\libc_nano.a(libc_a-abort.o)
                              C:/ST/STM32CubeIDE_1.19.0/STM32CubeIDE/plugins/com.st.stm32cube.ide.mcu.externaltools.gnu-tools-for-stm32.13.3.rel1.win32_1.0.0.202411081344/tools/bin/../lib/gcc/arm-none-eabi/13.3.1/../../../../arm-none-eabi/lib/thumb/v7e-m+fp/hard\libstdc++_nano.a(new_op.o) (abort)
C:/ST/STM32CubeIDE_1.19.0/STM32CubeIDE/plugins/com.st.stm32cube.ide.mcu.externaltools.gnu-tools-for-stm32.13.3.rel1.win32_1.0.0.202411081344/tools/bin/../lib/gcc/arm-none-eabi/13.3.1/../../../../arm-none-eabi/lib/thumb/v7e-m+fp/hard\libc_nano.a(libc_a-exit.o)
                              C:/ST/STM32CubeIDE_1.19.0/STM32CubeIDE/plugins/com.st.stm32cube.ide.mcu.externaltools.gnu-tools-for-stm32.13.3.rel1.win32_1.0.0.202411081344/tools/bin/../lib/gcc/arm-none-eabi/13.3.1/../../../../arm-none-eabi/lib/thumb/v7e-m+fp/hard/crt0.o (exit)
C:/ST/STM32CubeIDE_1.19.0/STM32CubeIDE/plugins/com.st.stm32cube.ide.mcu.externaltools.gnu-tools-for-stm32.13.3.rel1.win32_1.0.0.202411081344/tools/bin/../lib/gcc/arm-none-eabi/13.3.1/../../../../arm-none-eabi/lib/thumb/v7e-m+fp/hard\libc_nano.a(libc_a-malloc.o)
                              C:/ST/STM32CubeIDE_1.19.0/STM32CubeIDE/plugins/com.st.stm32cube.ide.mcu.externaltools.gnu-tools-for-stm32.13.3.rel1.win32_1.0.0.202411081344/tools/bin/../lib/gcc/arm-none-eabi/13.3.1/../../../../arm-none-eabi/lib/thumb/v7e-m+fp/hard\libstdc++_nano.a(new_op.o) (malloc)
C:/ST/STM32CubeIDE_1.19.0/STM32CubeIDE/plugins/com.st.stm32cube.ide.mcu.externaltools.gnu-tools-for-stm32.13.3.rel1.win32_1.0.0.202411081344/tools/bin/../lib/gcc/arm-none-eabi/13.3.1/../../../../arm-none-eabi/lib/thumb/v7e-m+fp/hard\libc_nano.a(libc_a-mallocr.o)
                              C:/ST/STM32CubeIDE_1.19.0/STM32CubeIDE/plugins/com.st.stm32cube.ide.mcu.externaltools.gnu-tools-for-stm32.13.3.rel1.win32_1.0.0.202411081344/tools/bin/../lib/gcc/arm-none-eabi/13.3.1/../../../../arm-none-eabi/lib/thumb/v7e-m+fp/hard\libc_nano.a(libc_a-malloc.o) (_malloc_r)
C:/ST/STM32CubeIDE_1.19.0/STM32CubeIDE/plugins/com.st.stm32cube.ide.mcu.externaltools.gnu-tools-for-stm32.13.3.rel1.win32_1.0.0.202411081344/tools/bin/../lib/gcc/arm-none-eabi/13.3.1/../../../../arm-none-eabi/lib/thumb/v7e-m+fp/hard\libc_nano.a(libc_a-mlock.o)
[...]
Memory Configuration

Name             Origin             Length             Attributes
CCMRAM           0x10000000         0x00010000         xrw
RAM              0x20000000         0x00020000         xrw
FLASH            0x08000000         0x00100000         xr
*default*        0x00000000         0xffffffff

Linker script and memory map

LOAD C:/ST/STM32CubeIDE_1.19.0/STM32CubeIDE/plugins/com.st.stm32cube.ide.mcu.externaltools.gnu-tools-for-stm32.13.3.rel1.win32_1.0.0.202411081344/tools/bin/../lib/gcc/arm-none-eabi/13.3.1/thumb/v7e-m+fp/hard/crti.o
LOAD C:/ST/STM32CubeIDE_1.19.0/STM32CubeIDE/plugins/com.st.stm32cube.ide.mcu.externaltools.gnu-tools-for-stm32.13.3.rel1.win32_1.0.0.202411081344/tools/bin/../lib/gcc/arm-none-eabi/13.3.1/thumb/v7e-m+fp/hard/crtbegin.o
LOAD C:/ST/STM32CubeIDE_1.19.0/STM32CubeIDE/plugins/com.st.stm32cube.ide.mcu.externaltools.gnu-tools-for-stm32.13.3.rel1.win32_1.0.0.202411081344/tools/bin/../lib/gcc/arm-none-eabi/13.3.1/../../../../arm-none-eabi/lib/thumb/v7e-m+fp/hard/crt0.o
LOAD ./Core/Src/ADCHelpers.o
LOAD ./Core/Src/CPULoadTask.o
LOAD ./Core/Src/Scheduler.o
LOAD ./Core/Src/SchedulerBridge.o
LOAD ./Core/Src/Task.o
LOAD ./Core/Src/TempTask.o
LOAD ./Core/Src/VddTask.o
LOAD ./Core/Src/main.o
LOAD ./Core/Src/stm32f4xx_hal_msp.o
LOAD ./Core/Src/stm32f4xx_it.o
LOAD ./Core/Src/syscalls.o
LOAD ./Core/Src/sysmem.o
LOAD ./Core/Src/system_stm32f4xx.o
LOAD ./Core/Startup/startup_stm32f407vgtx.o
LOAD ./Drivers/STM32F4xx_HAL_Driver/Src/stm32f4xx_hal.o
LOAD ./Drivers/STM32F4xx_HAL_Driver/Src/stm32f4xx_hal_adc.o
LOAD ./Drivers/STM32F4xx_HAL_Driver/Src/stm32f4xx_hal_adc_ex.o
LOAD ./Drivers/STM32F4xx_HAL_Driver/Src/stm32f4xx_hal_cortex.o
LOAD ./Drivers/STM32F4xx_HAL_Driver/Src/stm32f4xx_hal_dma.o
LOAD ./Drivers/STM32F4xx_HAL_Driver/Src/stm32f4xx_hal_dma_ex.o
LOAD ./Drivers/STM32F4xx_HAL_Driver/Src/stm32f4xx_hal_exti.o
LOAD ./Drivers/STM32F4xx_HAL_Driver/Src/stm32f4xx_hal_flash.o
LOAD ./Drivers/STM32F4xx_HAL_Driver/Src/stm32f4xx_hal_flash_ex.o
LOAD ./Drivers/STM32F4xx_HAL_Driver/Src/stm32f4xx_hal_flash_ramfunc.o
LOAD ./Drivers/STM32F4xx_HAL_Driver/Src/stm32f4xx_hal_gpio.o
LOAD ./Drivers/STM32F4xx_HAL_Driver/Src/stm32f4xx_hal_pwr.o
LOAD ./Drivers/STM32F4xx_HAL_Driver/Src/stm32f4xx_hal_pwr_ex.o
LOAD ./Drivers/STM32F4xx_HAL_Driver/Src/stm32f4xx_hal_rcc.o
LOAD ./Drivers/STM32F4xx_HAL_Driver/Src/stm32f4xx_hal_rcc_ex.o
LOAD ./Drivers/STM32F4xx_HAL_Driver/Src/stm32f4xx_ll_adc.o
START GROUP
LOAD C:/ST/STM32CubeIDE_1.19.0/STM32CubeIDE/plugins/com.st.stm32cube.ide.mcu.externaltools.gnu-tools-for-stm32.13.3.rel1.win32_1.0.0.202411081344/tools/bin/../lib/gcc/arm-none-eabi/13.3.1/../../../../arm-none-eabi/lib/thumb/v7e-m+fp/hard\libstdc++_nano.a
LOAD C:/ST/STM32CubeIDE_1.19.0/STM32CubeIDE/plugins/com.st.stm32cube.ide.mcu.externaltools.gnu-tools-for-stm32.13.3.rel1.win32_1.0.0.202411081344/tools/bin/../lib/gcc/arm-none-eabi/13.3.1/../../../../arm-none-eabi/lib/thumb/v7e-m+fp/hard\libsupc++_nano.a
END GROUP
LOAD C:/ST/STM32CubeIDE_1.19.0/STM32CubeIDE/plugins/com.st.stm32cube.ide.mcu.externaltools.gnu-tools-for-stm32.13.3.rel1.win32_1.0.0.202411081344/tools/bin/../lib/gcc/arm-none-eabi/13.3.1/../../../../arm-none-eabi/lib/thumb/v7e-m+fp/hard\libstdc++_nano.a
LOAD C:/ST/STM32CubeIDE_1.19.0/STM32CubeIDE/plugins/com.st.stm32cube.ide.mcu.externaltools.gnu-tools-for-stm32.13.3.rel1.win32_1.0.0.202411081344/tools/bin/../lib/gcc/arm-none-eabi/13.3.1/../../../../arm-none-eabi/lib/thumb/v7e-m+fp/hard\libm.a
LOAD C:/ST/STM32CubeIDE_1.19.0/STM32CubeIDE/plugins/com.st.stm32cube.ide.mcu.externaltools.gnu-tools-for-stm32.13.3.rel1.win32_1.0.0.202411081344/tools/bin/../lib/gcc/arm-none-eabi/13.3.1/../../../../arm-none-eabi/lib/thumb/v7e-m+fp/hard\libc_nano.a
START GROUP
LOAD C:/ST/STM32CubeIDE_1.19.0/STM32CubeIDE/plugins/com.st.stm32cube.ide.mcu.externaltools.gnu-tools-for-stm32.13.3.rel1.win32_1.0.0.202411081344/tools/bin/../lib/gcc/arm-none-eabi/13.3.1/thumb/v7e-m+fp/hard\libgcc.a
LOAD C:/ST/STM32CubeIDE_1.19.0/STM32CubeIDE/plugins/com.st.stm32cube.ide.mcu.externaltools.gnu-tools-for-stm32.13.3.rel1.win32_1.0.0.202411081344/tools/bin/../lib/gcc/arm-none-eabi/13.3.1/../../../../arm-none-eabi/lib/thumb/v7e-m+fp/hard\libc_nano.a
END GROUP
START GROUP
LOAD C:/ST/STM32CubeIDE_1.19.0/STM32CubeIDE/plugins/com.st.stm32cube.ide.mcu.externaltools.gnu-tools-for-stm32.13.3.rel1.win32_1.0.0.202411081344/tools/bin/../lib/gcc/arm-none-eabi/13.3.1/thumb/v7e-m+fp/hard\libgcc.a
LOAD C:/ST/STM32CubeIDE_1.19.0/STM32CubeIDE/plugins/com.st.stm32cube.ide.mcu.externaltools.gnu-tools-for-stm32.13.3.rel1.win32_1.0.0.202411081344/tools/bin/../lib/gcc/arm-none-eabi/13.3.1/../../../../arm-none-eabi/lib/thumb/v7e-m+fp/hard\libc_nano.a
LOAD C:/ST/STM32CubeIDE_1.19.0/STM32CubeIDE/plugins/com.st.stm32cube.ide.mcu.externaltools.gnu-tools-for-stm32.13.3.rel1.win32_1.0.0.202411081344/tools/bin/../lib/gcc/arm-none-eabi/13.3.1/../../../../arm-none-eabi/lib/thumb/v7e-m+fp/hard\libnosys.a
END GROUP
START GROUP
LOAD C:/ST/STM32CubeIDE_1.19.0/STM32CubeIDE/plugins/com.st.stm32cube.ide.mcu.externaltools.gnu-tools-for-stm32.13.3.rel1.win32_1.0.0.202411081344/tools/bin/../lib/gcc/arm-none-eabi/13.3.1/thumb/v7e-m+fp/hard\libgcc.a
LOAD C:/ST/STM32CubeIDE_1.19.0/STM32CubeIDE/plugins/com.st.stm32cube.ide.mcu.externaltools.gnu-tools-for-stm32.13.3.rel1.win32_1.0.0.202411081344/tools/bin/../lib/gcc/arm-none-eabi/13.3.1/../../../../arm-none-eabi/lib/thumb/v7e-m+fp/hard\libc_nano.a
LOAD C:/ST/STM32CubeIDE_1.19.0/STM32CubeIDE/plugins/com.st.stm32cube.ide.mcu.externaltools.gnu-tools-for-stm32.13.3.rel1.win32_1.0.0.202411081344/tools/bin/../lib/gcc/arm-none-eabi/13.3.1/../../../../arm-none-eabi/lib/thumb/v7e-m+fp/hard\libnosys.a
END GROUP
LOAD C:/ST/STM32CubeIDE_1.19.0/STM32CubeIDE/plugins/com.st.stm32cube.ide.mcu.externaltools.gnu-tools-for-stm32.13.3.rel1.win32_1.0.0.202411081344/tools/bin/../lib/gcc/arm-none-eabi/13.3.1/thumb/v7e-m+fp/hard/crtend.o
LOAD C:/ST/STM32CubeIDE_1.19.0/STM32CubeIDE/plugins/com.st.stm32cube.ide.mcu.externaltools.gnu-tools-for-stm32.13.3.rel1.win32_1.0.0.202411081344/tools/bin/../lib/gcc/arm-none-eabi/13.3.1/thumb/v7e-m+fp/hard/crtn.o
                0x20020000                        _estack = (ORIGIN (RAM) + LENGTH (RAM))
                0x00000200                        _Min_Heap_Size = 0x200
                0x00000400                        _Min_Stack_Size = 0x400

.isr_vector     0x08000000      0x188
                0x08000000                        . = ALIGN (0x4)
 *(.isr_vector)
 .isr_vector    0x08000000      0x188 ./Core/Startup/startup_stm32f407vgtx.o
                0x08000000                g_pfnVectors
                0x08000188                        . = ALIGN (0x4)

.text           0x08000188     0x4524
                0x08000188                        . = ALIGN (0x4)
 *(.text)
 .text          0x08000188       0x40 C:/ST/STM32CubeIDE_1.19.0/STM32CubeIDE/plugins/com.st.stm32cube.ide.mcu.externaltools.gnu-tools-for-stm32.13.3.rel1.win32_1.0.0.202411081344/tools/bin/../lib/gcc/arm-none-eabi/13.3.1/thumb/v7e-m+fp/hard/crtbegin.o
 .text          0x080001c8       0x30 C:/ST/STM32CubeIDE_1.19.0/STM32CubeIDE/plugins/com.st.stm32cube.ide.mcu.externaltools.gnu-tools-for-stm32.13.3.rel1.win32_1.0.0.202411081344/tools/bin/../lib/gcc/arm-none-eabi/13.3.1/thumb/v7e-m+fp/hard\libgcc.a(_aeabi_uldivmod.o)
                0x080001c8                __aeabi_uldivmod
 .text          0x080001f8      0x2f8 C:/ST/STM32CubeIDE_1.19.0/STM32CubeIDE/plugins/com.st.stm32cube.ide.mcu.externaltools.gnu-tools-for-stm32.13.3.rel1.win32_1.0.0.202411081344/tools/bin/../lib/gcc/arm-none-eabi/13.3.1/thumb/v7e-m+fp/hard\libgcc.a(_udivmoddi4.o)
                0x080001f8                __udivmoddi4
 .text          0x080004f0        0x4 C:/ST/STM32CubeIDE_1.19.0/STM32CubeIDE/plugins/com.st.stm32cube.ide.mcu.externaltools.gnu-tools-for-stm32.13.3.rel1.win32_1.0.0.202411081344/tools/bin/../lib/gcc/arm-none-eabi/13.3.1/thumb/v7e-m+fp/hard\libgcc.a(_dvmd_tls.o)
                0x080004f0                __aeabi_idiv0
                0x080004f0                __aeabi_ldiv0
 *(.text*)
 .text._Z18ADC_ReadChannelRawP17ADC_HandleTypeDefm
                0x080004f4       0x58 ./Core/Src/ADCHelpers.o
                0x080004f4                ADC_ReadChannelRaw(ADC_HandleTypeDef*, unsigned long)
 .text._Z22ADC_ReadVrefintVoltageP17ADC_HandleTypeDef
                0x0800054c       0x64 ./Core/Src/ADCHelpers.o
                0x0800054c                ADC_ReadVrefintVoltage(ADC_HandleTypeDef*)
 .text._Z20ADC_ReadTemperatureCP17ADC_HandleTypeDeff
                0x080005b0       0x88 ./Core/Src/ADCHelpers.o
                0x080005b0                ADC_ReadTemperatureC(ADC_HandleTypeDef*, float)
 .text._ZN4Task4initEv
                0x08000638       0x14 ./Core/Src/CPULoadTask.o
                0x08000638                Task::init()
 .text._ZN4TaskD2Ev
                0x0800064c       0x20 ./Core/Src/CPULoadTask.o
                0x0800064c                Task::~Task()
                0x0800064c                Task::~Task()
 .text._ZN4TaskD0Ev
                0x0800066c       0x20 ./Core/Src/CPULoadTask.o
                0x0800066c                Task::~Task()
 .text._ZN11CPULoadTaskC2EP9SchedulerP12GPIO_TypeDeftm
                0x0800068c       0x40 ./Core/Src/CPULoadTask.o
                0x0800068c                CPULoadTask::CPULoadTask(Scheduler*, GPIO_TypeDef*, unsigned short, unsigned long)
                0x0800068c                CPULoadTask::CPULoadTask(Scheduler*, GPIO_TypeDef*, unsigned short, unsigned long)
 .text._ZN11CPULoadTask4initEv
                0x080006cc       0x14 ./Core/Src/CPULoadTask.o
                0x080006cc                CPULoadTask::init()
 .text._ZN11CPULoadTask7executeEv
                0x080006e0       0xbc ./Core/Src/CPULoadTask.o
                0x080006e0                CPULoadTask::execute()
 .text._ZN11CPULoadTaskD2Ev
                0x0800079c       0x24 ./Core/Src/CPULoadTask.o
                0x0800079c                CPULoadTask::~CPULoadTask()
                0x0800079c                CPULoadTask::~CPULoadTask()
 .text._ZN11CPULoadTaskD0Ev
                0x080007c0       0x20 ./Core/Src/CPULoadTask.o
                0x080007c0                CPULoadTask::~CPULoadTask()
 .text._ZNK4Task13getIntervalMsEv
                0x080007e0       0x18 ./Core/Src/Scheduler.o
                0x080007e0                Task::getIntervalMs() const
 .text._ZNK4Task11getPriorityEv
                0x080007f8       0x18 ./Core/Src/Scheduler.o
                0x080007f8                Task::getPriority() const
 .text._ZnwjPv  0x08000810       0x18 ./Core/Src/Scheduler.o
                0x08000810                operator new(unsigned int, void*)
 .text._ZNSt12_Vector_baseIP4TaskSaIS1_EEC2Ev
                0x08000828       0x1a ./Core/Src/Scheduler.o
                0x08000828                std::_Vector_base<Task*, std::allocator<Task*> >::_Vector_base()
                0x08000828                std::_Vector_base<Task*, std::allocator<Task*> >::_Vector_base()
 .text._ZNSt6vectorIP4TaskSaIS1_EEC2Ev
                0x08000842       0x1a ./Core/Src/Scheduler.o
                0x08000842                std::vector<Task*, std::allocator<Task*> >::vector()
                0x08000842                std::vector<Task*, std::allocator<Task*> >::vector()
 .text._ZN9SchedulerC2Em
                0x0800085c       0x38 ./Core/Src/Scheduler.o
                0x0800085c                Scheduler::Scheduler(unsigned long)
                0x0800085c                Scheduler::Scheduler(unsigned long)
 .text._ZN9Scheduler7addTaskEP4Task
                0x08000894       0x3c ./Core/Src/Scheduler.o
                0x08000894                Scheduler::addTask(Task*)
 .text._ZN9Scheduler7initAllEv
                0x080008d0       0x82 ./Core/Src/Scheduler.o
                0x080008d0                Scheduler::initAll()
 *fill*         0x08000952        0x2 
 .text._ZNK9Scheduler17getCpuLoadPercentEv
                0x08000954       0x84 ./Core/Src/Scheduler.o
                0x08000954                Scheduler::getCpuLoadPercent() const
 .text._ZZN9Scheduler7runOnceEvENKUlP4TaskS1_E_clES1_S1_
                0x080009d8       0x30 ./Core/Src/Scheduler.o
 .text._ZN9Scheduler7runOnceEv
                0x08000a08       0xd8 ./Core/Src/Scheduler.o
                0x08000a08                Scheduler::runOnce()
 .text._ZNSt12_Vector_baseIP4TaskSaIS1_EE12_Vector_implC2Ev
                0x08000ae0       0x22 ./Core/Src/Scheduler.o
                0x08000ae0                std::_Vector_base<Task*, std::allocator<Task*> >::_Vector_impl::_Vector_impl()
                0x08000ae0                std::_Vector_base<Task*, std::allocator<Task*> >::_Vector_impl::_Vector_impl()
 .text._ZNSt6vectorIP4TaskSaIS1_EE9push_backERKS1_
                0x08000b02       0x78 ./Core/Src/Scheduler.o
                0x08000b02                std::vector<Task*, std::allocator<Task*> >::push_back(Task* const&)
 .text._ZNSt6vectorIP4TaskSaIS1_EE5beginEv
                0x08000b7a       0x20 ./Core/Src/Scheduler.o
                0x08000b7a                std::vector<Task*, std::allocator<Task*> >::begin()
 .text._ZNSt6vectorIP4TaskSaIS1_EE3endEv
                0x08000b9a       0x22 ./Core/Src/Scheduler.o
                0x08000b9a                std::vector<Task*, std::allocator<Task*> >::end()
 .text._ZN9__gnu_cxxneIPP4TaskSt6vectorIS2_SaIS2_EEEEbRKNS_17__normal_iteratorIT_T0_EESC_
                0x08000bbc       0x30 ./Core/Src/Scheduler.o
                0x08000bbc                bool __gnu_cxx::operator!=<Task**, std::vector<Task*, std::allocator<Task*> > >(__gnu_cxx::__normal_iterator<Task**, std::vector<Task*, std::allocator<Task*> > > const&, __gnu_cxx::__normal_iterator<Task**, std::vector<Task*, std::allocator<Task*> > > const&)
 .text._ZN9__gnu_cxx17__normal_iteratorIPP4TaskSt6vectorIS2_SaIS2_EEEppEv
                0x08000bec       0x20 ./Core/Src/Scheduler.o
                0x08000bec                __gnu_cxx::__normal_iterator<Task**, std::vector<Task*, std::allocator<Task*> > >::operator++()
 .text._ZNK9__gnu_cxx17__normal_iteratorIPP4TaskSt6vectorIS2_SaIS2_EEEdeEv
                0x08000c0c       0x18 ./Core/Src/Scheduler.o
                0x08000c0c                __gnu_cxx::__normal_iterator<Task**, std::vector<Task*, std::allocator<Task*> > >::operator*() const
 .text._ZSt4sortIN9__gnu_cxx17__normal_iteratorIPP4TaskSt6vectorIS3_SaIS3_EEEEZN9Scheduler7runOnceEvEUlS3_S3_E_EvT_SB_T0_
                0x08000c24       0x24 ./Core/Src/Scheduler.o
 .text._ZNSt12_Vector_baseIP4TaskSaIS1_EE17_Vector_impl_dataC2Ev
                0x08000c48       0x28 ./Core/Src/Scheduler.o
                0x08000c48                std::_Vector_base<Task*, std::allocator<Task*> >::_Vector_impl_data::_Vector_impl_data()
                0x08000c48                std::_Vector_base<Task*, std::allocator<Task*> >::_Vector_impl_data::_Vector_impl_data()
 .text._ZNSt12_Vector_baseIP4TaskSaIS1_EE13_M_deallocateEPS1_j
                0x08000c70       0x32 ./Core/Src/Scheduler.o
                0x08000c70                std::_Vector_base<Task*, std::allocator<Task*> >::_M_deallocate(Task**, unsigned int)
 .text._ZNSt12_Vector_baseIP4TaskSaIS1_EE19_M_get_Tp_allocatorEv
                0x08000ca2       0x16 ./Core/Src/Scheduler.o
                0x08000ca2                std::_Vector_base<Task*, std::allocator<Task*> >::_M_get_Tp_allocator()
 .text._ZNSt6vectorIP4TaskSaIS1_EE15_S_use_relocateEv
                0x08000cb8       0x16 ./Core/Src/Scheduler.o
                0x08000cb8                std::vector<Task*, std::allocator<Task*> >::_S_use_relocate()
 .text._ZNSt6vectorIP4TaskSaIS1_EE19_S_nothrow_relocateESt17integral_constantIbLb1EE
                0x08000cce       0x16 ./Core/Src/Scheduler.o
                0x08000cce                std::vector<Task*, std::allocator<Task*> >::_S_nothrow_relocate(std::integral_constant<bool, true>)
 .text._ZNSt6vectorIP4TaskSaIS1_EE17_M_realloc_insertIJRKS1_EEEvN9__gnu_cxx17__normal_iteratorIPS1_S3_EEDpOT_
                0x08000ce4      0x1ac ./Core/Src/Scheduler.o
                0x08000ce4                void std::vector<Task*, std::allocator<Task*> >::_M_realloc_insert<Task* const&>(__gnu_cxx::__normal_iterator<Task**, std::vector<Task*, std::allocator<Task*> > >, Task* const&)
 .text._ZN9__gnu_cxx17__normal_iteratorIPP4TaskSt6vectorIS2_SaIS2_EEEC2ERKS3_
                0x08000e90       0x20 ./Core/Src/Scheduler.o
                0x08000e90                __gnu_cxx::__normal_iterator<Task**, std::vector<Task*, std::allocator<Task*> > >::__normal_iterator(Task** const&)
                0x08000e90                __gnu_cxx::__normal_iterator<Task**, std::vector<Task*, std::allocator<Task*> > >::__normal_iterator(Task** const&)
 .text._ZNK9__gnu_cxx17__normal_iteratorIPP4TaskSt6vectorIS2_SaIS2_EEE4baseEv
                0x08000eb0       0x16 ./Core/Src/Scheduler.o
                0x08000eb0                __gnu_cxx::__normal_iterator<Task**, std::vector<Task*, std::allocator<Task*> > >::base() const
 .text._ZN9__gnu_cxx5__ops16__iter_comp_iterIZN9Scheduler7runOnceEvEUlP4TaskS4_E_EENS0_15_Iter_comp_iterIT_EES7_
                0x08000ec6       0x26 ./Core/Src/Scheduler.o
 .text._ZSt6__sortIN9__gnu_cxx17__normal_iteratorIPP4TaskSt6vectorIS3_SaIS3_EEEENS0_5__ops15_Iter_comp_iterIZN9Scheduler7runOnceEvEUlS3_S3_E_EEEvT_SE_T0_
                0x08000eec       0x5a ./Core/Src/Scheduler.o
 .text._ZSt8_DestroyIPP4TaskEvT_S3_
                0x08000f46       0x1a ./Core/Src/Scheduler.o
                0x08000f46                void std::_Destroy<Task**>(Task**, Task**)
 .text._ZSt7forwardIRKP4TaskEOT_RNSt16remove_referenceIS4_E4typeE
                0x08000f60       0x16 ./Core/Src/Scheduler.o
                0x08000f60                Task* const& std::forward<Task* const&>(std::remove_reference<Task* const&>::type&)
 .text._ZNKSt6vectorIP4TaskSaIS1_EE12_M_check_lenEjPKc
                0x08000f76       0x8e ./Core/Src/Scheduler.o
                0x08000f76                std::vector<Task*, std::allocator<Task*> >::_M_check_len(unsigned int, char const*) const
 .text._ZN9__gnu_cxxmiIPP4TaskSt6vectorIS2_SaIS2_EEEENS_17__normal_iteratorIT_T0_E15difference_typeERKSA_SD_
                0x08001004       0x2a ./Core/Src/Scheduler.o
                0x08001004                __gnu_cxx::__normal_iterator<Task**, std::vector<Task*, std::allocator<Task*> > >::difference_type __gnu_cxx::operator-<Task**, std::vector<Task*, std::allocator<Task*> > >(__gnu_cxx::__normal_iterator<Task**, std::vector<Task*, std::allocator<Task*> > > const&, __gnu_cxx::__normal_iterator<Task**, std::vector<Task*, std::allocator<Task*> > > const&)
 .text._ZNSt12_Vector_baseIP4TaskSaIS1_EE11_M_allocateEj
                0x0800102e       0x32 ./Core/Src/Scheduler.o
                0x0800102e                std::_Vector_base<Task*, std::allocator<Task*> >::_M_allocate(unsigned int)
 .text._ZNSt6vectorIP4TaskSaIS1_EE11_S_relocateEPS1_S4_S4_RS2_
                0x08001060       0x28 ./Core/Src/Scheduler.o
                0x08001060                std::vector<Task*, std::allocator<Task*> >::_S_relocate(Task**, Task**, Task**, std::allocator<Task*>&)
 .text._ZSt34__uninitialized_move_if_noexcept_aIPP4TaskS2_SaIS1_EET0_T_S5_S4_RT1_
                0x08001088       0x32 ./Core/Src/Scheduler.o
                0x08001088                Task** std::__uninitialized_move_if_noexcept_a<Task**, Task**, std::allocator<Task*> >(Task**, Task**, Task**, std::allocator<Task*>&)
 .text._ZSt4moveIRZN9Scheduler7runOnceEvEUlP4TaskS2_E_EONSt16remove_referenceIT_E4typeEOS6_
                0x080010ba       0x16 ./Core/Src/Scheduler.o
 .text._ZN9__gnu_cxx5__ops15_Iter_comp_iterIZN9Scheduler7runOnceEvEUlP4TaskS4_E_EC2ES5_
                0x080010d0       0x1c ./Core/Src/Scheduler.o
 .text._ZSt4__lgIiET_S0_
                0x080010ec       0x1c ./Core/Src/Scheduler.o
                0x080010ec                int std::__lg<int>(int)
 .text._ZSt16__introsort_loopIN9__gnu_cxx17__normal_iteratorIPP4TaskSt6vectorIS3_SaIS3_EEEEiNS0_5__ops15_Iter_comp_iterIZN9Scheduler7runOnceEvEUlS3_S3_E_EEEvT_SE_T0_T1_
                0x08001108       0x6e ./Core/Src/Scheduler.o
 .text._ZSt22__final_insertion_sortIN9__gnu_cxx17__normal_iteratorIPP4TaskSt6vectorIS3_SaIS3_EEEENS0_5__ops15_Iter_comp_iterIZN9Scheduler7runOnceEvEUlS3_S3_E_EEEvT_SE_T0_
                0x08001176       0x70 ./Core/Src/Scheduler.o
 .text._ZNSt15__new_allocatorIP4TaskE10deallocateEPS1_j
                0x080011e6       0x20 ./Core/Src/Scheduler.o
                0x080011e6                std::__new_allocator<Task*>::deallocate(Task**, unsigned int)
 .text._ZNSt12_Destroy_auxILb1EE9__destroyIPP4TaskEEvT_S5_
                0x08001206       0x16 ./Core/Src/Scheduler.o
                0x08001206                void std::_Destroy_aux<true>::__destroy<Task**>(Task**, Task**)
 .text._ZNKSt6vectorIP4TaskSaIS1_EE8max_sizeEv
                0x0800121c       0x22 ./Core/Src/Scheduler.o
                0x0800121c                std::vector<Task*, std::allocator<Task*> >::max_size() const
 .text._ZNKSt6vectorIP4TaskSaIS1_EE4sizeEv
                0x0800123e       0x20 ./Core/Src/Scheduler.o
                0x0800123e                std::vector<Task*, std::allocator<Task*> >::size() const
 .text._ZSt3maxIjERKT_S2_S2_
                0x0800125e       0x28 ./Core/Src/Scheduler.o
                0x0800125e                unsigned int const& std::max<unsigned int>(unsigned int const&, unsigned int const&)
 .text._ZNSt6vectorIP4TaskSaIS1_EE14_S_do_relocateEPS1_S4_S4_RS2_St17integral_constantIbLb1EE
                0x08001286       0x24 ./Core/Src/Scheduler.o
                0x08001286                std::vector<Task*, std::allocator<Task*> >::_S_do_relocate(Task**, Task**, Task**, std::allocator<Task*>&, std::integral_constant<bool, true>)
 .text._ZSt32__make_move_if_noexcept_iteratorIP4TaskSt13move_iteratorIPS1_EET0_PT_
                0x080012aa       0x1e ./Core/Src/Scheduler.o
                0x080012aa                std::move_iterator<Task**> std::__make_move_if_noexcept_iterator<Task*, std::move_iterator<Task**> >(Task**)
 .text._ZSt22__uninitialized_copy_aISt13move_iteratorIPP4TaskES3_S2_ET0_T_S6_S5_RSaIT1_E
                0x080012c8       0x22 ./Core/Src/Scheduler.o
                0x080012c8                Task** std::__uninitialized_copy_a<std::move_iterator<Task**>, Task**, Task*>(std::move_iterator<Task**>, std::move_iterator<Task**>, Task**, std::allocator<Task*>&)
 .text._ZSt11__bit_widthIjEiT_
                0x080012ea       0x20 ./Core/Src/Scheduler.o
                0x080012ea                int std::__bit_width<unsigned int>(unsigned int)
 .text._ZSt14__partial_sortIN9__gnu_cxx17__normal_iteratorIPP4TaskSt6vectorIS3_SaIS3_EEEENS0_5__ops15_Iter_comp_iterIZN9Scheduler7runOnceEvEUlS3_S3_E_EEEvT_SE_SE_T0_
                0x0800130a       0x2e ./Core/Src/Scheduler.o
 .text._ZSt27__unguarded_partition_pivotIN9__gnu_cxx17__normal_iteratorIPP4TaskSt6vectorIS3_SaIS3_EEEENS0_5__ops15_Iter_comp_iterIZN9Scheduler7runOnceEvEUlS3_S3_E_EEET_SE_SE_T0_
                0x08001338       0x84 ./Core/Src/Scheduler.o
 .text._ZNK9__gnu_cxx17__normal_iteratorIPP4TaskSt6vectorIS2_SaIS2_EEEplEi
                0x080013bc       0x30 ./Core/Src/Scheduler.o
                0x080013bc                __gnu_cxx::__normal_iterator<Task**, std::vector<Task*, std::allocator<Task*> > >::operator+(int) const
 .text._ZSt16__insertion_sortIN9__gnu_cxx17__normal_iteratorIPP4TaskSt6vectorIS3_SaIS3_EEEENS0_5__ops15_Iter_comp_iterIZN9Scheduler7runOnceEvEUlS3_S3_E_EEEvT_SE_T0_
                0x080013ec       0xcc ./Core/Src/Scheduler.o
 .text._ZSt26__unguarded_insertion_sortIN9__gnu_cxx17__normal_iteratorIPP4TaskSt6vectorIS3_SaIS3_EEEENS0_5__ops15_Iter_comp_iterIZN9Scheduler7runOnceEvEUlS3_S3_E_EEEvT_SE_T0_
                0x080014b8       0x4a ./Core/Src/Scheduler.o
 .text._ZNSt6vectorIP4TaskSaIS1_EE11_S_max_sizeERKS2_
                0x08001502       0x40 ./Core/Src/Scheduler.o
                0x08001502                std::vector<Task*, std::allocator<Task*> >::_S_max_size(std::allocator<Task*> const&)
 .text._ZNKSt12_Vector_baseIP4TaskSaIS1_EE19_M_get_Tp_allocatorEv
                0x08001542       0x16 ./Core/Src/Scheduler.o
                0x08001542                std::_Vector_base<Task*, std::allocator<Task*> >::_M_get_Tp_allocator() const
 .text._ZNSt15__new_allocatorIP4TaskE8allocateEjPKv
                0x08001558       0x52 ./Core/Src/Scheduler.o
                0x08001558                std::__new_allocator<Task*>::allocate(unsigned int, void const*)
 .text._ZSt12__relocate_aIPP4TaskS2_SaIS1_EET0_T_S5_S4_RT1_
                0x080015aa       0x3a ./Core/Src/Scheduler.o
                0x080015aa                Task** std::__relocate_a<Task**, Task**, std::allocator<Task*> >(Task**, Task**, Task**, std::allocator<Task*>&)
 .text._ZNSt13move_iteratorIPP4TaskEC2ES2_
                0x080015e4       0x24 ./Core/Src/Scheduler.o
                0x080015e4                std::move_iterator<Task**>::move_iterator(Task**)
                0x080015e4                std::move_iterator<Task**>::move_iterator(Task**)
 .text._ZSt18uninitialized_copyISt13move_iteratorIPP4TaskES3_ET0_T_S6_S5_
                0x08001608       0x28 ./Core/Src/Scheduler.o
                0x08001608                Task** std::uninitialized_copy<std::move_iterator<Task**>, Task**>(std::move_iterator<Task**>, std::move_iterator<Task**>, Task**)
 .text._ZSt13__countl_zeroIjEiT_
                0x08001630       0x3a ./Core/Src/Scheduler.o
                0x08001630                int std::__countl_zero<unsigned int>(unsigned int)
 .text._ZSt13__heap_selectIN9__gnu_cxx17__normal_iteratorIPP4TaskSt6vectorIS3_SaIS3_EEEENS0_5__ops15_Iter_comp_iterIZN9Scheduler7runOnceEvEUlS3_S3_E_EEEvT_SE_SE_T0_
                0x0800166a       0x66 ./Core/Src/Scheduler.o
 .text._ZSt11__sort_heapIN9__gnu_cxx17__normal_iteratorIPP4TaskSt6vectorIS3_SaIS3_EEEENS0_5__ops15_Iter_comp_iterIZN9Scheduler7runOnceEvEUlS3_S3_E_EEEvT_SE_RT0_
                0x080016d0       0x4e ./Core/Src/Scheduler.o
 .text._ZNK9__gnu_cxx17__normal_iteratorIPP4TaskSt6vectorIS2_SaIS2_EEEmiEi
                0x0800171e       0x32 ./Core/Src/Scheduler.o
                0x0800171e                __gnu_cxx::__normal_iterator<Task**, std::vector<Task*, std::allocator<Task*> > >::operator-(int) const
 .text._ZSt22__move_median_to_firstIN9__gnu_cxx17__normal_iteratorIPP4TaskSt6vectorIS3_SaIS3_EEEENS0_5__ops15_Iter_comp_iterIZN9Scheduler7runOnceEvEUlS3_S3_E_EEEvT_SE_SE_SE_T0_
                0x08001750       0xaa ./Core/Src/Scheduler.o
 .text._ZSt21__unguarded_partitionIN9__gnu_cxx17__normal_iteratorIPP4TaskSt6vectorIS3_SaIS3_EEEENS0_5__ops15_Iter_comp_iterIZN9Scheduler7runOnceEvEUlS3_S3_E_EEET_SE_SE_SE_T0_
                0x080017fa       0x90 ./Core/Src/Scheduler.o
 .text._ZN9__gnu_cxxeqIPP4TaskSt6vectorIS2_SaIS2_EEEEbRKNS_17__normal_iteratorIT_T0_EESC_
                0x0800188a       0x30 ./Core/Src/Scheduler.o
                0x0800188a                bool __gnu_cxx::operator==<Task**, std::vector<Task*, std::allocator<Task*> > >(__gnu_cxx::__normal_iterator<Task**, std::vector<Task*, std::allocator<Task*> > > const&, __gnu_cxx::__normal_iterator<Task**, std::vector<Task*, std::allocator<Task*> > > const&)
 .text._ZN9__gnu_cxx5__ops15_Iter_comp_iterIZN9Scheduler7runOnceEvEUlP4TaskS4_E_EclINS_17__normal_iteratorIPS4_St6vectorIS4_SaIS4_EEEESD_EEbT_T0_
                0x080018ba       0x3c ./Core/Src/Scheduler.o
 .text._ZSt4moveIRP4TaskEONSt16remove_referenceIT_E4typeEOS4_
                0x080018f6       0x16 ./Core/Src/Scheduler.o
                0x080018f6                std::remove_reference<Task*&>::type&& std::move<Task*&>(Task*&)
 .text._ZSt13move_backwardIN9__gnu_cxx17__normal_iteratorIPP4TaskSt6vectorIS3_SaIS3_EEEES8_ET0_T_SA_S9_
                0x0800190c       0x30 ./Core/Src/Scheduler.o
                0x0800190c                __gnu_cxx::__normal_iterator<Task**, std::vector<Task*, std::allocator<Task*> > > std::move_backward<__gnu_cxx::__normal_iterator<Task**, std::vector<Task*, std::allocator<Task*> > >, __gnu_cxx::__normal_iterator<Task**, std::vector<Task*, std::allocator<Task*> > > >(__gnu_cxx::__normal_iterator<Task**, std::vector<Task*, std::allocator<Task*> > >, __gnu_cxx::__normal_iterator<Task**, std::vector<Task*, std::allocator<Task*> > >, __gnu_cxx::__normal_iterator<Task**, std::vector<Task*, std::allocator<Task*> > >)
 .text._ZN9__gnu_cxx5__ops15__val_comp_iterIZN9Scheduler7runOnceEvEUlP4TaskS4_E_EENS0_14_Val_comp_iterIT_EENS0_15_Iter_comp_iterIS7_EE
                0x0800193c       0x28 ./Core/Src/Scheduler.o
 .text._ZSt25__unguarded_linear_insertIN9__gnu_cxx17__normal_iteratorIPP4TaskSt6vectorIS3_SaIS3_EEEENS0_5__ops14_Val_comp_iterIZN9Scheduler7runOnceEvEUlS3_S3_E_EEEvT_T0_
                0x08001964       0x96 ./Core/Src/Scheduler.o
 .text._ZSt3minIjERKT_S2_S2_
                0x080019fa       0x28 ./Core/Src/Scheduler.o
                0x080019fa                unsigned int const& std::min<unsigned int>(unsigned int const&, unsigned int const&)
 .text._ZSt12__niter_baseIPP4TaskET_S3_
                0x08001a22       0x16 ./Core/Src/Scheduler.o
                0x08001a22                Task** std::__niter_base<Task**>(Task**)
 .text._ZSt14__relocate_a_1IP4TaskS1_ENSt9enable_ifIXsrSt24__is_bitwise_relocatableIT_vE5valueEPS4_E4typeES6_S6_S6_RSaIT0_E
                0x08001a38       0x3c ./Core/Src/Scheduler.o
                0x08001a38                std::enable_if<std::__is_bitwise_relocatable<Task*, void>::value, Task**>::type std::__relocate_a_1<Task*, Task*>(Task**, Task**, Task**, std::allocator<Task*>&)
 .text._ZSt4moveIRPP4TaskEONSt16remove_referenceIT_E4typeEOS5_
                0x08001a74       0x16 ./Core/Src/Scheduler.o
                0x08001a74                std::remove_reference<Task**&>::type&& std::move<Task**&>(Task**&)
 .text._ZNSt20__uninitialized_copyILb1EE13__uninit_copyISt13move_iteratorIPP4TaskES5_EET0_T_S8_S7_
                0x08001a8a       0x20 ./Core/Src/Scheduler.o
                0x08001a8a                Task** std::__uninitialized_copy<true>::__uninit_copy<std::move_iterator<Task**>, Task**>(std::move_iterator<Task**>, std::move_iterator<Task**>, Task**)
 .text._ZSt11__make_heapIN9__gnu_cxx17__normal_iteratorIPP4TaskSt6vectorIS3_SaIS3_EEEENS0_5__ops15_Iter_comp_iterIZN9Scheduler7runOnceEvEUlS3_S3_E_EEEvT_SE_RT0_
                0x08001aaa       0xae ./Core/Src/Scheduler.o
 .text._ZN9__gnu_cxxltIPP4TaskSt6vectorIS2_SaIS2_EEEEbRKNS_17__normal_iteratorIT_T0_EESC_
                0x08001b58       0x30 ./Core/Src/Scheduler.o
                0x08001b58                bool __gnu_cxx::operator< <Task**, std::vector<Task*, std::allocator<Task*> > >(__gnu_cxx::__normal_iterator<Task**, std::vector<Task*, std::allocator<Task*> > > const&, __gnu_cxx::__normal_iterator<Task**, std::vector<Task*, std::allocator<Task*> > > const&)
 .text._ZSt10__pop_heapIN9__gnu_cxx17__normal_iteratorIPP4TaskSt6vectorIS3_SaIS3_EEEENS0_5__ops15_Iter_comp_iterIZN9Scheduler7runOnceEvEUlS3_S3_E_EEEvT_SE_SE_RT0_
                0x08001b88       0x82 ./Core/Src/Scheduler.o
 .text._ZN9__gnu_cxx17__normal_iteratorIPP4TaskSt6vectorIS2_SaIS2_EEEmmEv
                0x08001c0a       0x20 ./Core/Src/Scheduler.o
                0x08001c0a                __gnu_cxx::__normal_iterator<Task**, std::vector<Task*, std::allocator<Task*> > >::operator--()
 .text._ZSt9iter_swapIN9__gnu_cxx17__normal_iteratorIPP4TaskSt6vectorIS3_SaIS3_EEEES8_EvT_T0_
                0x08001c2a       0x2e ./Core/Src/Scheduler.o
                0x08001c2a                void std::iter_swap<__gnu_cxx::__normal_iterator<Task**, std::vector<Task*, std::allocator<Task*> > >, __gnu_cxx::__normal_iterator<Task**, std::vector<Task*, std::allocator<Task*> > > >(__gnu_cxx::__normal_iterator<Task**, std::vector<Task*, std::allocator<Task*> > >, __gnu_cxx::__normal_iterator<Task**, std::vector<Task*, std::allocator<Task*> > >)
 .text._ZSt12__miter_baseIN9__gnu_cxx17__normal_iteratorIPP4TaskSt6vectorIS3_SaIS3_EEEEET_S9_
                0x08001c58       0x16 ./Core/Src/Scheduler.o
                0x08001c58                __gnu_cxx::__normal_iterator<Task**, std::vector<Task*, std::allocator<Task*> > > std::__miter_base<__gnu_cxx::__normal_iterator<Task**, std::vector<Task*, std::allocator<Task*> > > >(__gnu_cxx::__normal_iterator<Task**, std::vector<Task*, std::allocator<Task*> > >)
 .text._ZSt22__copy_move_backward_aILb1EN9__gnu_cxx17__normal_iteratorIPP4TaskSt6vectorIS3_SaIS3_EEEES8_ET1_T0_SA_S9_
                0x08001c6e       0x42 ./Core/Src/Scheduler.o
                0x08001c6e                __gnu_cxx::__normal_iterator<Task**, std::vector<Task*, std::allocator<Task*> > > std::__copy_move_backward_a<true, __gnu_cxx::__normal_iterator<Task**, std::vector<Task*, std::allocator<Task*> > >, __gnu_cxx::__normal_iterator<Task**, std::vector<Task*, std::allocator<Task*> > > >(__gnu_cxx::__normal_iterator<Task**, std::vector<Task*, std::allocator<Task*> > >, __gnu_cxx::__normal_iterator<Task**, std::vector<Task*, std::allocator<Task*> > >, __gnu_cxx::__normal_iterator<Task**, std::vector<Task*, std::allocator<Task*> > >)
 .text._ZSt4moveIRN9__gnu_cxx5__ops15_Iter_comp_iterIZN9Scheduler7runOnceEvEUlP4TaskS5_E_EEEONSt16remove_referenceIT_E4typeEOSA_
                0x08001cb0       0x16 ./Core/Src/Scheduler.o
 .text._ZN9__gnu_cxx5__ops14_Val_comp_iterIZN9Scheduler7runOnceEvEUlP4TaskS4_E_EC2EONS0_15_Iter_comp_iterIS5_EE
                0x08001cc6       0x1c ./Core/Src/Scheduler.o
 .text._ZN9__gnu_cxx5__ops14_Val_comp_iterIZN9Scheduler7runOnceEvEUlP4TaskS4_E_EclIS4_NS_17__normal_iteratorIPS4_St6vectorIS4_SaIS4_EEEEEEbRT_T0_
                0x08001ce2       0x32 ./Core/Src/Scheduler.o
 .text._ZSt4copyISt13move_iteratorIPP4TaskES3_ET0_T_S6_S5_
                0x08001d14       0x30 ./Core/Src/Scheduler.o
                0x08001d14                Task** std::copy<std::move_iterator<Task**>, Task**>(std::move_iterator<Task**>, std::move_iterator<Task**>, Task**)
 .text._ZSt13__adjust_heapIN9__gnu_cxx17__normal_iteratorIPP4TaskSt6vectorIS3_SaIS3_EEEEiS3_NS0_5__ops15_Iter_comp_iterIZN9Scheduler7runOnceEvEUlS3_S3_E_EEEvT_T0_SF_T1_T2_
                0x08001d44      0x160 ./Core/Src/Scheduler.o
 .text._ZSt4swapIP4TaskENSt9enable_ifIXsrSt6__and_IJSt6__not_ISt15__is_tuple_likeIT_EESt21is_move_constructibleIS6_ESt18is_move_assignableIS6_EEE5valueEvE4typeERS6_SG_
                0x08001ea4       0x3e ./Core/Src/Scheduler.o
                0x08001ea4                std::enable_if<std::__and_<std::__not_<std::__is_tuple_like<Task*> >, std::is_move_constructible<Task*>, std::is_move_assignable<Task*> >::value, void>::type std::swap<Task*>(Task*&, Task*&)
 .text._ZSt12__niter_baseIPP4TaskSt6vectorIS1_SaIS1_EEET_N9__gnu_cxx17__normal_iteratorIS6_T0_EE
                0x08001ee2       0x1c ./Core/Src/Scheduler.o
                0x08001ee2                Task** std::__niter_base<Task**, std::vector<Task*, std::allocator<Task*> > >(__gnu_cxx::__normal_iterator<Task**, std::vector<Task*, std::allocator<Task*> > >)
 .text._ZSt23__copy_move_backward_a1ILb1EPP4TaskS2_ET1_T0_S4_S3_
                0x08001efe       0x20 ./Core/Src/Scheduler.o
                0x08001efe                Task** std::__copy_move_backward_a1<true, Task**, Task**>(Task**, Task**, Task**)
 .text._ZSt12__niter_wrapIN9__gnu_cxx17__normal_iteratorIPP4TaskSt6vectorIS3_SaIS3_EEEES4_ET_S9_T0_
                0x08001f1e       0x2e ./Core/Src/Scheduler.o
                0x08001f1e                __gnu_cxx::__normal_iterator<Task**, std::vector<Task*, std::allocator<Task*> > > std::__niter_wrap<__gnu_cxx::__normal_iterator<Task**, std::vector<Task*, std::allocator<Task*> > >, Task**>(__gnu_cxx::__normal_iterator<Task**, std::vector<Task*, std::allocator<Task*> > >, Task**)
 .text._ZSt12__miter_baseIPP4TaskEDTcl12__miter_basecldtfp_4baseEEESt13move_iteratorIT_E
                0x08001f4c       0x22 ./Core/Src/Scheduler.o
                0x08001f4c                decltype (__miter_base(({parm#1}.base)())) std::__miter_base<Task**>(std::move_iterator<Task**>)
 .text._ZSt13__copy_move_aILb1EPP4TaskS2_ET1_T0_S4_S3_
                0x08001f6e       0x46 ./Core/Src/Scheduler.o
                0x08001f6e                Task** std::__copy_move_a<true, Task**, Task**>(Task**, Task**, Task**)
 .text._ZN9__gnu_cxx5__ops14_Iter_comp_valIZN9Scheduler7runOnceEvEUlP4TaskS4_E_EC2EONS0_15_Iter_comp_iterIS5_EE
                0x08001fb4       0x1c ./Core/Src/Scheduler.o
 .text._ZSt11__push_heapIN9__gnu_cxx17__normal_iteratorIPP4TaskSt6vectorIS3_SaIS3_EEEEiS3_NS0_5__ops14_Iter_comp_valIZN9Scheduler7runOnceEvEUlS3_S3_E_EEEvT_T0_SF_T1_RT2_
                0x08001fd0       0xd2 ./Core/Src/Scheduler.o
 .text._ZSt23__copy_move_backward_a2ILb1EPP4TaskS2_ET1_T0_S4_S3_
                0x080020a2       0x20 ./Core/Src/Scheduler.o
                0x080020a2                Task** std::__copy_move_backward_a2<true, Task**, Task**>(Task**, Task**, Task**)
 .text._ZNKSt13move_iteratorIPP4TaskE4baseEv
                0x080020c2       0x18 ./Core/Src/Scheduler.o
                0x080020c2                std::move_iterator<Task**>::base() const
 .text._ZSt12__miter_baseIPP4TaskET_S3_
                0x080020da       0x16 ./Core/Src/Scheduler.o
                0x080020da                Task** std::__miter_base<Task**>(Task**)
 .text._ZSt14__copy_move_a1ILb1EPP4TaskS2_ET1_T0_S4_S3_
                0x080020f0       0x20 ./Core/Src/Scheduler.o
                0x080020f0                Task** std::__copy_move_a1<true, Task**, Task**>(Task**, Task**, Task**)
 .text._ZSt12__niter_wrapIPP4TaskET_RKS3_S3_
                0x08002110       0x18 ./Core/Src/Scheduler.o
                0x08002110                Task** std::__niter_wrap<Task**>(Task** const&, Task**)
 .text._ZN9__gnu_cxx5__ops14_Iter_comp_valIZN9Scheduler7runOnceEvEUlP4TaskS4_E_EclINS_17__normal_iteratorIPS4_St6vectorIS4_SaIS4_EEEES4_EEbT_RT0_
                0x08002128       0x32 ./Core/Src/Scheduler.o
 .text._ZNSt20__copy_move_backwardILb1ELb1ESt26random_access_iterator_tagE13__copy_move_bIP4TaskS4_EEPT0_PT_S8_S6_
                0x0800215a       0x62 ./Core/Src/Scheduler.o
                0x0800215a                Task** std::__copy_move_backward<true, true, std::random_access_iterator_tag>::__copy_move_b<Task*, Task*>(Task**, Task**, Task**)
 .text._ZSt14__copy_move_a2ILb1EPP4TaskS2_ET1_T0_S4_S3_
                0x080021bc       0x20 ./Core/Src/Scheduler.o
                0x080021bc                Task** std::__copy_move_a2<true, Task**, Task**>(Task**, Task**, Task**)
 .text._ZNSt11__copy_moveILb1ELb0ESt26random_access_iterator_tagE12__assign_oneIP4TaskS4_EEvPT_PT0_
                0x080021dc       0x20 ./Core/Src/Scheduler.o
                0x080021dc                void std::__copy_move<true, false, std::random_access_iterator_tag>::__assign_one<Task*, Task*>(Task**, Task**)
 .text._ZNSt11__copy_moveILb1ELb1ESt26random_access_iterator_tagE8__copy_mIP4TaskS4_EEPT0_PT_S8_S6_
                0x080021fc       0x54 ./Core/Src/Scheduler.o
                0x080021fc                Task** std::__copy_move<true, true, std::random_access_iterator_tag>::__copy_m<Task*, Task*>(Task**, Task**, Task**)
 .text.Scheduler_Init
                0x08002250       0xec ./Core/Src/SchedulerBridge.o
                0x08002250                Scheduler_Init
 .text.Scheduler_Run
                0x0800233c       0x20 ./Core/Src/SchedulerBridge.o
                0x0800233c                Scheduler_Run
 .text._ZN4TaskC2EPKcmhP12GPIO_TypeDeft
                0x0800235c       0x50 ./Core/Src/Task.o
                0x0800235c                Task::Task(char const*, unsigned long, unsigned char, GPIO_TypeDef*, unsigned short)
                0x0800235c                Task::Task(char const*, unsigned long, unsigned char, GPIO_TypeDef*, unsigned short)
 .text._ZN4Task5ledOnEv
                0x080023ac       0x20 ./Core/Src/Task.o
                0x080023ac                Task::ledOn()
 .text._ZN4Task6ledOffEv
                0x080023cc       0x20 ./Core/Src/Task.o
                0x080023cc                Task::ledOff()
 .text._ZN4Task9ledToggleEv
                0x080023ec       0x20 ./Core/Src/Task.o
                0x080023ec                Task::ledToggle()
 .text._ZN4Task16ledPulseBlockingEm
                0x0800240c       0x24 ./Core/Src/Task.o
                0x0800240c                Task::ledPulseBlocking(unsigned long)
 .text._ZN4Task10runWrapperEv
                0x08002430       0x62 ./Core/Src/Task.o
                0x08002430                Task::runWrapper()
 *fill*         0x08002492        0x2 
 .text._ZN8TempTaskC2EP17ADC_HandleTypeDefP12GPIO_TypeDeftm
                0x08002494       0x40 ./Core/Src/TempTask.o
                0x08002494                TempTask::TempTask(ADC_HandleTypeDef*, GPIO_TypeDef*, unsigned short, unsigned long)
                0x08002494                TempTask::TempTask(ADC_HandleTypeDef*, GPIO_TypeDef*, unsigned short, unsigned long)
 .text._ZN8TempTask4initEv
                0x080024d4       0x14 ./Core/Src/TempTask.o
                0x080024d4                TempTask::init()
 .text._ZN8TempTask7executeEv
                0x080024e8      0x118 ./Core/Src/TempTask.o
                0x080024e8                TempTask::execute()
 .text._ZN8TempTaskD2Ev
                0x08002600       0x24 ./Core/Src/TempTask.o
                0x08002600                TempTask::~TempTask()
                0x08002600                TempTask::~TempTask()
 .text._ZN8TempTaskD0Ev
                0x08002624       0x20 ./Core/Src/TempTask.o
                0x08002624                TempTask::~TempTask()
 .text._ZN7VddTaskC2EP17ADC_HandleTypeDefP12GPIO_TypeDeftm
                0x08002644       0x48 ./Core/Src/VddTask.o
                0x08002644                VddTask::VddTask(ADC_HandleTypeDef*, GPIO_TypeDef*, unsigned short, unsigned long)
                0x08002644                VddTask::VddTask(ADC_HandleTypeDef*, GPIO_TypeDef*, unsigned short, unsigned long)
 .text._ZN7VddTask4initEv
                0x0800268c       0x14 ./Core/Src/VddTask.o
                0x0800268c                VddTask::init()
 .text._ZN7VddTask7executeEv
                0x080026a0       0xd4 ./Core/Src/VddTask.o
                0x080026a0                VddTask::execute()
 .text._ZN7VddTaskD2Ev
                0x08002774       0x24 ./Core/Src/VddTask.o
                0x08002774                VddTask::~VddTask()
                0x08002774                VddTask::~VddTask()
 .text._ZN7VddTaskD0Ev
                0x08002798       0x20 ./Core/Src/VddTask.o
                0x08002798                VddTask::~VddTask()
 .text.main     0x080027b8       0x1e ./Core/Src/main.o
                0x080027b8                main
 *fill*         0x080027d6        0x2 
 .text.SystemClock_Config
                0x080027d8       0xbc ./Core/Src/main.o
                0x080027d8                SystemClock_Config
 .text.MX_ADC1_Init
                0x08002894       0xa4 ./Core/Src/main.o
 .text.MX_GPIO_Init
                0x08002938       0xa4 ./Core/Src/main.o
 .text.Error_Handler
                0x080029dc        0xc ./Core/Src/main.o
                0x080029dc                Error_Handler
 .text.HAL_MspInit
                0x080029e8       0x50 ./Core/Src/stm32f4xx_hal_msp.o
                0x080029e8                HAL_MspInit
 .text.HAL_ADC_MspInit
                0x08002a38       0x44 ./Core/Src/stm32f4xx_hal_msp.o
                0x08002a38                HAL_ADC_MspInit
 .text.NMI_Handler
                0x08002a7c        0x8 ./Core/Src/stm32f4xx_it.o
                0x08002a7c                NMI_Handler
 .text.HardFault_Handler
                0x08002a84        0x8 ./Core/Src/stm32f4xx_it.o
                0x08002a84                HardFault_Handler
 .text.MemManage_Handler
                0x08002a8c        0x8 ./Core/Src/stm32f4xx_it.o
                0x08002a8c                MemManage_Handler
 .text.BusFault_Handler
                0x08002a94        0x8 ./Core/Src/stm32f4xx_it.o
                0x08002a94                BusFault_Handler
 .text.UsageFault_Handler
                0x08002a9c        0x8 ./Core/Src/stm32f4xx_it.o
                0x08002a9c                UsageFault_Handler
 .text.SVC_Handler
                0x08002aa4        0xe ./Core/Src/stm32f4xx_it.o
                0x08002aa4                SVC_Handler
 .text.DebugMon_Handler
                0x08002ab2        0xe ./Core/Src/stm32f4xx_it.o
                0x08002ab2                DebugMon_Handler
 .text.PendSV_Handler
                0x08002ac0        0xe ./Core/Src/stm32f4xx_it.o
                0x08002ac0                PendSV_Handler
 .text.SysTick_Handler
                0x08002ace        0xc ./Core/Src/stm32f4xx_it.o
                0x08002ace                SysTick_Handler
 .text._getpid  0x08002ada       0x10 ./Core/Src/syscalls.o
                0x08002ada                _getpid
 .text._kill    0x08002aea       0x20 ./Core/Src/syscalls.o
                0x08002aea                _kill
 .text._exit    0x08002b0a       0x16 ./Core/Src/syscalls.o
                0x08002b0a                _exit
 .text._sbrk    0x08002b20       0x6c ./Core/Src/sysmem.o
                0x08002b20                _sbrk
 .text.SystemInit
                0x08002b8c       0x24 ./Core/Src/system_stm32f4xx.o
                0x08002b8c                SystemInit
 .text.Reset_Handler
                0x08002bb0       0x50 ./Core/Startup/startup_stm32f407vgtx.o
                0x08002bb0                Reset_Handler
 .text.Default_Handler
                0x08002c00        0x2 ./Core/Startup/startup_stm32f407vgtx.o
                0x08002c00                RTC_Alarm_IRQHandler
                0x08002c00                HASH_RNG_IRQHandler
                0x08002c00                EXTI2_IRQHandler
                0x08002c00                TIM8_CC_IRQHandler
                0x08002c00                TIM1_CC_IRQHandler
                0x08002c00                DMA2_Stream5_IRQHandler
                0x08002c00                DMA1_Stream5_IRQHandler
                0x08002c00                PVD_IRQHandler
                0x08002c00                SDIO_IRQHandler
                0x08002c00                TAMP_STAMP_IRQHandler
                0x08002c00                CAN2_RX1_IRQHandler
                0x08002c00                EXTI3_IRQHandler
                0x08002c00                TIM8_TRG_COM_TIM14_IRQHandler
                0x08002c00                TIM1_UP_TIM10_IRQHandler
                0x08002c00                TIM8_UP_TIM13_IRQHandler
                0x08002c00                I2C3_ER_IRQHandler
                0x08002c00                EXTI0_IRQHandler
                0x08002c00                I2C2_EV_IRQHandler
                0x08002c00                DMA1_Stream2_IRQHandler
                0x08002c00                CAN1_RX0_IRQHandler
                0x08002c00                FPU_IRQHandler
                0x08002c00                OTG_HS_WKUP_IRQHandler
                0x08002c00                CAN2_SCE_IRQHandler
                0x08002c00                DMA2_Stream2_IRQHandler
                0x08002c00                SPI1_IRQHandler
                0x08002c00                TIM6_DAC_IRQHandler
                0x08002c00                TIM1_BRK_TIM9_IRQHandler
                0x08002c00                DCMI_IRQHandler
                0x08002c00                CAN2_RX0_IRQHandler
                0x08002c00                DMA2_Stream3_IRQHandler
                0x08002c00                USART6_IRQHandler
                0x08002c00                USART3_IRQHandler
                0x08002c00                CAN1_RX1_IRQHandler
                0x08002c00                UART5_IRQHandler
                0x08002c00                DMA2_Stream0_IRQHandler
                0x08002c00                TIM4_IRQHandler
                0x08002c00                I2C1_EV_IRQHandler
                0x08002c00                DMA1_Stream6_IRQHandler
                0x08002c00                DMA1_Stream1_IRQHandler
                0x08002c00                UART4_IRQHandler
                0x08002c00                TIM3_IRQHandler
                0x08002c00                RCC_IRQHandler
                0x08002c00                TIM8_BRK_TIM12_IRQHandler
                0x08002c00                Default_Handler
                0x08002c00                EXTI15_10_IRQHandler
                0x08002c00                ADC_IRQHandler
                0x08002c00                DMA1_Stream7_IRQHandler
                0x08002c00                TIM7_IRQHandler
                0x08002c00                CAN2_TX_IRQHandler
                0x08002c00                TIM5_IRQHandler
                0x08002c00                DMA2_Stream7_IRQHandler
                0x08002c00                I2C3_EV_IRQHandler
                0x08002c00                EXTI9_5_IRQHandler
                0x08002c00                RTC_WKUP_IRQHandler
                0x08002c00                ETH_WKUP_IRQHandler
                0x08002c00                SPI2_IRQHandler
                0x08002c00                OTG_HS_EP1_IN_IRQHandler
                0x08002c00                DMA1_Stream0_IRQHandler
                0x08002c00                CAN1_TX_IRQHandler
                0x08002c00                EXTI4_IRQHandler
                0x08002c00                FSMC_IRQHandler
                0x08002c00                ETH_IRQHandler
                0x08002c00                OTG_HS_EP1_OUT_IRQHandler
                0x08002c00                WWDG_IRQHandler
                0x08002c00                TIM2_IRQHandler
                0x08002c00                OTG_FS_WKUP_IRQHandler
                0x08002c00                TIM1_TRG_COM_TIM11_IRQHandler
                0x08002c00                OTG_HS_IRQHandler
                0x08002c00                EXTI1_IRQHandler
                0x08002c00                USART2_IRQHandler
                0x08002c00                I2C2_ER_IRQHandler
                0x08002c00                DMA2_Stream1_IRQHandler
                0x08002c00                CAN1_SCE_IRQHandler
                0x08002c00                FLASH_IRQHandler
                0x08002c00                DMA2_Stream4_IRQHandler
                0x08002c00                USART1_IRQHandler
                0x08002c00                OTG_FS_IRQHandler
                0x08002c00                SPI3_IRQHandler
                0x08002c00                DMA1_Stream4_IRQHandler
                0x08002c00                I2C1_ER_IRQHandler
                0x08002c00                DMA2_Stream6_IRQHandler
                0x08002c00                DMA1_Stream3_IRQHandler
 *fill*         0x08002c02        0x2 
 .text.HAL_Init
                0x08002c04       0x44 ./Drivers/STM32F4xx_HAL_Driver/Src/stm32f4xx_hal.o
                0x08002c04                HAL_Init
 .text.HAL_InitTick
                0x08002c48       0x60 ./Drivers/STM32F4xx_HAL_Driver/Src/stm32f4xx_hal.o
                0x08002c48                HAL_InitTick
 .text.HAL_IncTick
                0x08002ca8       0x28 ./Drivers/STM32F4xx_HAL_Driver/Src/stm32f4xx_hal.o
                0x08002ca8                HAL_IncTick
 .text.HAL_GetTick
                0x08002cd0       0x18 ./Drivers/STM32F4xx_HAL_Driver/Src/stm32f4xx_hal.o
                0x08002cd0                HAL_GetTick
 .text.HAL_Delay
                0x08002ce8       0x48 ./Drivers/STM32F4xx_HAL_Driver/Src/stm32f4xx_hal.o
                0x08002ce8                HAL_Delay
 .text.HAL_ADC_Init
                0x08002d30       0x86 ./Drivers/STM32F4xx_HAL_Driver/Src/stm32f4xx_hal_adc.o
                0x08002d30                HAL_ADC_Init
 *fill*         0x08002db6        0x2 
 .text.HAL_ADC_Start
                0x08002db8      0x1a4 ./Drivers/STM32F4xx_HAL_Driver/Src/stm32f4xx_hal_adc.o
                0x08002db8                HAL_ADC_Start
 .text.HAL_ADC_Stop
                0x08002f5c       0x66 ./Drivers/STM32F4xx_HAL_Driver/Src/stm32f4xx_hal_adc.o
                0x08002f5c                HAL_ADC_Stop
 .text.HAL_ADC_PollForConversion
                0x08002fc2      0x116 ./Drivers/STM32F4xx_HAL_Driver/Src/stm32f4xx_hal_adc.o
                0x08002fc2                HAL_ADC_PollForConversion
 .text.HAL_ADC_GetValue
                0x080030d8       0x1a ./Drivers/STM32F4xx_HAL_Driver/Src/stm32f4xx_hal_adc.o
                0x080030d8                HAL_ADC_GetValue
 *fill*         0x080030f2        0x2 
 .text.HAL_ADC_ConfigChannel
                0x080030f4      0x244 ./Drivers/STM32F4xx_HAL_Driver/Src/stm32f4xx_hal_adc.o
                0x080030f4                HAL_ADC_ConfigChannel
 .text.ADC_Init
                0x08003338      0x1f8 ./Drivers/STM32F4xx_HAL_Driver/Src/stm32f4xx_hal_adc.o
 .text.__NVIC_SetPriorityGrouping
                0x08003530       0x48 ./Drivers/STM32F4xx_HAL_Driver/Src/stm32f4xx_hal_cortex.o
 .text.__NVIC_GetPriorityGrouping
                0x08003578       0x1c ./Drivers/STM32F4xx_HAL_Driver/Src/stm32f4xx_hal_cortex.o
 .text.__NVIC_SetPriority
                0x08003594       0x54 ./Drivers/STM32F4xx_HAL_Driver/Src/stm32f4xx_hal_cortex.o
 .text.NVIC_EncodePriority
                0x080035e8       0x66 ./Drivers/STM32F4xx_HAL_Driver/Src/stm32f4xx_hal_cortex.o
 *fill*         0x0800364e        0x2 
 .text.SysTick_Config
                0x08003650       0x44 ./Drivers/STM32F4xx_HAL_Driver/Src/stm32f4xx_hal_cortex.o
 .text.HAL_NVIC_SetPriorityGrouping
                0x08003694       0x16 ./Drivers/STM32F4xx_HAL_Driver/Src/stm32f4xx_hal_cortex.o
                0x08003694                HAL_NVIC_SetPriorityGrouping
 .text.HAL_NVIC_SetPriority
                0x080036aa       0x38 ./Drivers/STM32F4xx_HAL_Driver/Src/stm32f4xx_hal_cortex.o
                0x080036aa                HAL_NVIC_SetPriority
 .text.HAL_SYSTICK_Config
                0x080036e2       0x18 ./Drivers/STM32F4xx_HAL_Driver/Src/stm32f4xx_hal_cortex.o
                0x080036e2                HAL_SYSTICK_Config
 *fill*         0x080036fa        0x2 
 .text.HAL_GPIO_Init
                0x080036fc      0x338 ./Drivers/STM32F4xx_HAL_Driver/Src/stm32f4xx_hal_gpio.o
                0x080036fc                HAL_GPIO_Init
 .text.HAL_GPIO_WritePin
                0x08003a34       0x32 ./Drivers/STM32F4xx_HAL_Driver/Src/stm32f4xx_hal_gpio.o
                0x08003a34                HAL_GPIO_WritePin
 .text.HAL_GPIO_TogglePin
                0x08003a66       0x34 ./Drivers/STM32F4xx_HAL_Driver/Src/stm32f4xx_hal_gpio.o
                0x08003a66                HAL_GPIO_TogglePin
 *fill*         0x08003a9a        0x2 
 .text.HAL_RCC_OscConfig
                0x08003a9c      0x4f0 ./Drivers/STM32F4xx_HAL_Driver/Src/stm32f4xx_hal_rcc.o
                0x08003a9c                HAL_RCC_OscConfig
 .text.HAL_RCC_ClockConfig
                0x08003f8c      0x1cc ./Drivers/STM32F4xx_HAL_Driver/Src/stm32f4xx_hal_rcc.o
                0x08003f8c                HAL_RCC_ClockConfig
 .text.HAL_RCC_GetSysClockFreq
                0x08004158      0x18c ./Drivers/STM32F4xx_HAL_Driver/Src/stm32f4xx_hal_rcc.o
                0x08004158                HAL_RCC_GetSysClockFreq
 .text._ZdlPvj  0x080042e4        0x4 C:/ST/STM32CubeIDE_1.19.0/STM32CubeIDE/plugins/com.st.stm32cube.ide.mcu.externaltools.gnu-tools-for-stm32.13.3.rel1.win32_1.0.0.202411081344/tools/bin/../lib/gcc/arm-none-eabi/13.3.1/../../../../arm-none-eabi/lib/thumb/v7e-m+fp/hard\libstdc++_nano.a(del_ops.o)
                0x080042e4                operator delete(void*, unsigned int)
 .text._Znwj    0x080042e8       0x22 C:/ST/STM32CubeIDE_1.19.0/STM32CubeIDE/plugins/com.st.stm32cube.ide.mcu.externaltools.gnu-tools-for-stm32.13.3.rel1.win32_1.0.0.202411081344/tools/bin/../lib/gcc/arm-none-eabi/13.3.1/../../../../arm-none-eabi/lib/thumb/v7e-m+fp/hard\libstdc++_nano.a(new_op.o)
                0x080042e8                operator new(unsigned int)
 .text.unlikely._ZSt17__throw_bad_allocv
                0x0800430a        0x6 C:/ST/STM32CubeIDE_1.19.0/STM32CubeIDE/plugins/com.st.stm32cube.ide.mcu.externaltools.gnu-tools-for-stm32.13.3.rel1.win32_1.0.0.202411081344/tools/bin/../lib/gcc/arm-none-eabi/13.3.1/../../../../arm-none-eabi/lib/thumb/v7e-m+fp/hard\libstdc++_nano.a(functexcept.o)
                0x0800430a                std::__throw_bad_alloc()
 .text.unlikely._ZSt28__throw_bad_array_new_lengthv
                0x08004310        0x6 C:/ST/STM32CubeIDE_1.19.0/STM32CubeIDE/plugins/com.st.stm32cube.ide.mcu.externaltools.gnu-tools-for-stm32.13.3.rel1.win32_1.0.0.202411081344/tools/bin/../lib/gcc/arm-none-eabi/13.3.1/../../../../arm-none-eabi/lib/thumb/v7e-m+fp/hard\libstdc++_nano.a(functexcept.o)
                0x08004310                std::__throw_bad_array_new_length()
 .text.unlikely._ZSt20__throw_length_errorPKc
                0x08004316        0x6 C:/ST/STM32CubeIDE_1.19.0/STM32CubeIDE/plugins/com.st.stm32cube.ide.mcu.externaltools.gnu-tools-for-stm32.13.3.rel1.win32_1.0.0.202411081344/tools/bin/../lib/gcc/arm-none-eabi/13.3.1/../../../../arm-none-eabi/lib/thumb/v7e-m+fp/hard\libstdc++_nano.a(functexcept.o)
                0x08004316                std::__throw_length_error(char const*)
 .text._ZdlPv   0x0800431c        0x4 C:/ST/STM32CubeIDE_1.19.0/STM32CubeIDE/plugins/com.st.stm32cube.ide.mcu.externaltools.gnu-tools-for-stm32.13.3.rel1.win32_1.0.0.202411081344/tools/bin/../lib/gcc/arm-none-eabi/13.3.1/../../../../arm-none-eabi/lib/thumb/v7e-m+fp/hard\libstdc++_nano.a(del_op.o)
                0x0800431c                operator delete(void*)
 .text._ZSt15get_new_handlerv
                0x08004320       0x10 C:/ST/STM32CubeIDE_1.19.0/STM32CubeIDE/plugins/com.st.stm32cube.ide.mcu.externaltools.gnu-tools-for-stm32.13.3.rel1.win32_1.0.0.202411081344/tools/bin/../lib/gcc/arm-none-eabi/13.3.1/../../../../arm-none-eabi/lib/thumb/v7e-m+fp/hard\libstdc++_nano.a(new_handler.o)
                0x08004320                std::get_new_handler()
 .text.abort    0x08004330        0xe C:/ST/STM32CubeIDE_1.19.0/STM32CubeIDE/plugins/com.st.stm32cube.ide.mcu.externaltools.gnu-tools-for-stm32.13.3.rel1.win32_1.0.0.202411081344/tools/bin/../lib/gcc/arm-none-eabi/13.3.1/../../../../arm-none-eabi/lib/thumb/v7e-m+fp/hard\libc_nano.a(libc_a-abort.o)
                0x08004330                abort
 *fill*         0x0800433e        0x2 
 .text.malloc   0x08004340       0x10 C:/ST/STM32CubeIDE_1.19.0/STM32CubeIDE/plugins/com.st.stm32cube.ide.mcu.externaltools.gnu-tools-for-stm32.13.3.rel1.win32_1.0.0.202411081344/tools/bin/../lib/gcc/arm-none-eabi/13.3.1/../../../../arm-none-eabi/lib/thumb/v7e-m+fp/hard\libc_nano.a(libc_a-malloc.o)
                0x08004340                malloc
 .text.free     0x08004350       0x10 C:/ST/STM32CubeIDE_1.19.0/STM32CubeIDE/plugins/com.st.stm32cube.ide.mcu.externaltools.gnu-tools-for-stm32.13.3.rel1.win32_1.0.0.202411081344/tools/bin/../lib/gcc/arm-none-eabi/13.3.1/../../../../arm-none-eabi/lib/thumb/v7e-m+fp/hard\libc_nano.a(libc_a-malloc.o)
                0x08004350                free
 .text.sbrk_aligned
                0x08004360       0x44 C:/ST/STM32CubeIDE_1.19.0/STM32CubeIDE/plugins/com.st.stm32cube.ide.mcu.externaltools.gnu-tools-for-stm32.13.3.rel1.win32_1.0.0.202411081344/tools/bin/../lib/gcc/arm-none-eabi/13.3.1/../../../../arm-none-eabi/lib/thumb/v7e-m+fp/hard\libc_nano.a(libc_a-mallocr.o)
 .text._malloc_r
                0x080043a4      0x100 C:/ST/STM32CubeIDE_1.19.0/STM32CubeIDE/plugins/com.st.stm32cube.ide.mcu.externaltools.gnu-tools-for-stm32.13.3.rel1.win32_1.0.0.202411081344/tools/bin/../lib/gcc/arm-none-eabi/13.3.1/../../../../arm-none-eabi/lib/thumb/v7e-m+fp/hard\libc_nano.a(libc_a-mallocr.o)
                0x080043a4                _malloc_r
 .text.__malloc_lock
                0x080044a4        0xc C:/ST/STM32CubeIDE_1.19.0/STM32CubeIDE/plugins/com.st.stm32cube.ide.mcu.externaltools.gnu-tools-for-stm32.13.3.rel1.win32_1.0.0.202411081344/tools/bin/../lib/gcc/arm-none-eabi/13.3.1/../../../../arm-none-eabi/lib/thumb/v7e-m+fp/hard\libc_nano.a(libc_a-mlock.o)
                0x080044a4                __malloc_lock
 .text.__malloc_unlock
                0x080044b0        0xc C:/ST/STM32CubeIDE_1.19.0/STM32CubeIDE/plugins/com.st.stm32cube.ide.mcu.externaltools.gnu-tools-for-stm32.13.3.rel1.win32_1.0.0.202411081344/tools/bin/../lib/gcc/arm-none-eabi/13.3.1/../../../../arm-none-eabi/lib/thumb/v7e-m+fp/hard\libc_nano.a(libc_a-mlock.o)
                0x080044b0                __malloc_unlock
 .text.memmove  0x080044bc       0x34 C:/ST/STM32CubeIDE_1.19.0/STM32CubeIDE/plugins/com.st.stm32cube.ide.mcu.externaltools.gnu-tools-for-stm32.13.3.rel1.win32_1.0.0.202411081344/tools/bin/../lib/gcc/arm-none-eabi/13.3.1/../../../../arm-none-eabi/lib/thumb/v7e-m+fp/hard\libc_nano.a(libc_a-memmove.o)
                0x080044bc                memmove
 .text.memset   0x080044f0       0x10 C:/ST/STM32CubeIDE_1.19.0/STM32CubeIDE/plugins/com.st.stm32cube.ide.mcu.externaltools.gnu-tools-for-stm32.13.3.rel1.win32_1.0.0.202411081344/tools/bin/../lib/gcc/arm-none-eabi/13.3.1/../../../../arm-none-eabi/lib/thumb/v7e-m+fp/hard\libc_nano.a(libc_a-memset.o)
                0x080044f0                memset
 .text._raise_r
                0x08004500       0x50 C:/ST/STM32CubeIDE_1.19.0/STM32CubeIDE/plugins/com.st.stm32cube.ide.mcu.externaltools.gnu-tools-for-stm32.13.3.rel1.win32_1.0.0.202411081344/tools/bin/../lib/gcc/arm-none-eabi/13.3.1/../../../../arm-none-eabi/lib/thumb/v7e-m+fp/hard\libc_nano.a(libc_a-signal.o)
                0x08004500                _raise_r
 .text.raise    0x08004550       0x10 C:/ST/STM32CubeIDE_1.19.0/STM32CubeIDE/plugins/com.st.stm32cube.ide.mcu.externaltools.gnu-tools-for-stm32.13.3.rel1.win32_1.0.0.202411081344/tools/bin/../lib/gcc/arm-none-eabi/13.3.1/../../../../arm-none-eabi/lib/thumb/v7e-m+fp/hard\libc_nano.a(libc_a-signal.o)
                0x08004550                raise
 .text._kill_r  0x08004560       0x24 C:/ST/STM32CubeIDE_1.19.0/STM32CubeIDE/plugins/com.st.stm32cube.ide.mcu.externaltools.gnu-tools-for-stm32.13.3.rel1.win32_1.0.0.202411081344/tools/bin/../lib/gcc/arm-none-eabi/13.3.1/../../../../arm-none-eabi/lib/thumb/v7e-m+fp/hard\libc_nano.a(libc_a-signalr.o)
                0x08004560                _kill_r
 .text._getpid_r
                0x08004584        0x4 C:/ST/STM32CubeIDE_1.19.0/STM32CubeIDE/plugins/com.st.stm32cube.ide.mcu.externaltools.gnu-tools-for-stm32.13.3.rel1.win32_1.0.0.202411081344/tools/bin/../lib/gcc/arm-none-eabi/13.3.1/../../../../arm-none-eabi/lib/thumb/v7e-m+fp/hard\libc_nano.a(libc_a-signalr.o)
                0x08004584                _getpid_r
 .text._sbrk_r  0x08004588       0x20 C:/ST/STM32CubeIDE_1.19.0/STM32CubeIDE/plugins/com.st.stm32cube.ide.mcu.externaltools.gnu-tools-for-stm32.13.3.rel1.win32_1.0.0.202411081344/tools/bin/../lib/gcc/arm-none-eabi/13.3.1/../../../../arm-none-eabi/lib/thumb/v7e-m+fp/hard\libc_nano.a(libc_a-sbrkr.o)
                0x08004588                _sbrk_r
 .text.__errno  0x080045a8        0xc C:/ST/STM32CubeIDE_1.19.0/STM32CubeIDE/plugins/com.st.stm32cube.ide.mcu.externaltools.gnu-tools-for-stm32.13.3.rel1.win32_1.0.0.202411081344/tools/bin/../lib/gcc/arm-none-eabi/13.3.1/../../../../arm-none-eabi/lib/thumb/v7e-m+fp/hard\libc_nano.a(libc_a-errno.o)
                0x080045a8                __errno
 .text.__libc_init_array
                0x080045b4       0x48 C:/ST/STM32CubeIDE_1.19.0/STM32CubeIDE/plugins/com.st.stm32cube.ide.mcu.externaltools.gnu-tools-for-stm32.13.3.rel1.win32_1.0.0.202411081344/tools/bin/../lib/gcc/arm-none-eabi/13.3.1/../../../../arm-none-eabi/lib/thumb/v7e-m+fp/hard\libc_nano.a(libc_a-init.o)
                0x080045b4                __libc_init_array
 .text.__retarget_lock_acquire_recursive
                0x080045fc        0x2 C:/ST/STM32CubeIDE_1.19.0/STM32CubeIDE/plugins/com.st.stm32cube.ide.mcu.externaltools.gnu-tools-for-stm32.13.3.rel1.win32_1.0.0.202411081344/tools/bin/../lib/gcc/arm-none-eabi/13.3.1/../../../../arm-none-eabi/lib/thumb/v7e-m+fp/hard\libc_nano.a(libc_a-lock.o)
                0x080045fc                __retarget_lock_acquire_recursive
 .text.__retarget_lock_release_recursive
                0x080045fe        0x2 C:/ST/STM32CubeIDE_1.19.0/STM32CubeIDE/plugins/com.st.stm32cube.ide.mcu.externaltools.gnu-tools-for-stm32.13.3.rel1.win32_1.0.0.202411081344/tools/bin/../lib/gcc/arm-none-eabi/13.3.1/../../../../arm-none-eabi/lib/thumb/v7e-m+fp/hard\libc_nano.a(libc_a-lock.o)
                0x080045fe                __retarget_lock_release_recursive
 .text._free_r  0x08004600       0x94 C:/ST/STM32CubeIDE_1.19.0/STM32CubeIDE/plugins/com.st.stm32cube.ide.mcu.externaltools.gnu-tools-for-stm32.13.3.rel1.win32_1.0.0.202411081344/tools/bin/../lib/gcc/arm-none-eabi/13.3.1/../../../../arm-none-eabi/lib/thumb/v7e-m+fp/hard\libc_nano.a(libc_a-freer.o)
                0x08004600                _free_r
 *(.glue_7)
 .glue_7        0x08004694        0x0 linker stubs
 *(.glue_7t)
 .glue_7t       0x08004694        0x0 linker stubs
 *(.eh_frame)
 .eh_frame      0x08004694        0x0 C:/ST/STM32CubeIDE_1.19.0/STM32CubeIDE/plugins/com.st.stm32cube.ide.mcu.externaltools.gnu-tools-for-stm32.13.3.rel1.win32_1.0.0.202411081344/tools/bin/../lib/gcc/arm-none-eabi/13.3.1/thumb/v7e-m+fp/hard/crtbegin.o
 *(.init)
 .init          0x08004694        0x4 C:/ST/STM32CubeIDE_1.19.0/STM32CubeIDE/plugins/com.st.stm32cube.ide.mcu.externaltools.gnu-tools-for-stm32.13.3.rel1.win32_1.0.0.202411081344/tools/bin/../lib/gcc/arm-none-eabi/13.3.1/thumb/v7e-m+fp/hard/crti.o
                0x08004694                _init
 .init          0x08004698        0x8 C:/ST/STM32CubeIDE_1.19.0/STM32CubeIDE/plugins/com.st.stm32cube.ide.mcu.externaltools.gnu-tools-for-stm32.13.3.rel1.win32_1.0.0.202411081344/tools/bin/../lib/gcc/arm-none-eabi/13.3.1/thumb/v7e-m+fp/hard/crtn.o
 *(.fini)
 .fini          0x080046a0        0x4 C:/ST/STM32CubeIDE_1.19.0/STM32CubeIDE/plugins/com.st.stm32cube.ide.mcu.externaltools.gnu-tools-for-stm32.13.3.rel1.win32_1.0.0.202411081344/tools/bin/../lib/gcc/arm-none-eabi/13.3.1/thumb/v7e-m+fp/hard/crti.o
                0x080046a0                _fini
 .fini          0x080046a4        0x8 C:/ST/STM32CubeIDE_1.19.0/STM32CubeIDE/plugins/com.st.stm32cube.ide.mcu.externaltools.gnu-tools-for-stm32.13.3.rel1.win32_1.0.0.202411081344/tools/bin/../lib/gcc/arm-none-eabi/13.3.1/thumb/v7e-m+fp/hard/crtn.o
                0x080046ac                        . = ALIGN (0x4)
                0x080046ac                        _etext = .

.vfp11_veneer   0x080046ac        0x0
 .vfp11_veneer  0x080046ac        0x0 linker stubs

.v4_bx          0x080046ac        0x0
 .v4_bx         0x080046ac        0x0 linker stubs

.iplt           0x080046ac        0x0
 .iplt          0x080046ac        0x0 C:/ST/STM32CubeIDE_1.19.0/STM32CubeIDE/plugins/com.st.stm32cube.ide.mcu.externaltools.gnu-tools-for-stm32.13.3.rel1.win32_1.0.0.202411081344/tools/bin/../lib/gcc/arm-none-eabi/13.3.1/thumb/v7e-m+fp/hard/crtbegin.o

.rodata         0x080046ac       0xa0
                0x080046ac                        . = ALIGN (0x4)
 *(.rodata)
 .rodata        0x080046ac        0x8 ./Core/Src/CPULoadTask.o
 .rodata        0x080046b4       0x1a ./Core/Src/Scheduler.o
 *fill*         0x080046ce        0x2 
 .rodata        0x080046d0        0x5 ./Core/Src/TempTask.o
 *fill*         0x080046d5        0x3 
 .rodata        0x080046d8        0x4 ./Core/Src/VddTask.o
 *(.rodata*)
 .rodata._ZTV11CPULoadTask
                0x080046dc       0x18 ./Core/Src/CPULoadTask.o
                0x080046dc                vtable for CPULoadTask
 .rodata._ZTV4Task
                0x080046f4       0x18 ./Core/Src/CPULoadTask.o
                0x080046f4                vtable for Task
 .rodata._ZTV8TempTask
                0x0800470c       0x18 ./Core/Src/TempTask.o
                0x0800470c                vtable for TempTask
 .rodata._ZTV7VddTask
                0x08004724       0x18 ./Core/Src/VddTask.o
                0x08004724                vtable for VddTask
 .rodata.AHBPrescTable
                0x0800473c       0x10 ./Core/Src/system_stm32f4xx.o
                0x0800473c                AHBPrescTable
                0x0800474c                        . = ALIGN (0x4)

.ARM.extab      0x0800474c        0x0
                0x0800474c                        . = ALIGN (0x4)
 *(.ARM.extab* .gnu.linkonce.armextab.*)
                0x0800474c                        . = ALIGN (0x4)

.ARM            0x0800474c        0x8
                0x0800474c                        . = ALIGN (0x4)
                0x0800474c                        __exidx_start = .
 *(.ARM.exidx*)
 .ARM.exidx     0x0800474c        0x8 C:/ST/STM32CubeIDE_1.19.0/STM32CubeIDE/plugins/com.st.stm32cube.ide.mcu.externaltools.gnu-tools-for-stm32.13.3.rel1.win32_1.0.0.202411081344/tools/bin/../lib/gcc/arm-none-eabi/13.3.1/thumb/v7e-m+fp/hard\libgcc.a(_udivmoddi4.o)
                0x08004754                        __exidx_end = .
                0x08004754                        . = ALIGN (0x4)

.preinit_array  0x08004754        0x0
                0x08004754                        . = ALIGN (0x4)
                0x08004754                        PROVIDE (__preinit_array_start = .)
 *(.preinit_array*)
                0x08004754                        PROVIDE (__preinit_array_end = .)
                0x08004754                        . = ALIGN (0x4)

.init_array     0x08004754        0x4
                0x08004754                        . = ALIGN (0x4)
                0x08004754                        PROVIDE (__init_array_start = .)
 *(SORT_BY_NAME(.init_array.*))
 *(.init_array*)
 .init_array    0x08004754        0x4 C:/ST/STM32CubeIDE_1.19.0/STM32CubeIDE/plugins/com.st.stm32cube.ide.mcu.externaltools.gnu-tools-for-stm32.13.3.rel1.win32_1.0.0.202411081344/tools/bin/../lib/gcc/arm-none-eabi/13.3.1/thumb/v7e-m+fp/hard/crtbegin.o
                0x08004758                        PROVIDE (__init_array_end = .)
                0x08004758                        . = ALIGN (0x4)

.fini_array     0x08004758        0x4
                0x08004758                        . = ALIGN (0x4)
                [!provide]                        PROVIDE (__fini_array_start = .)
 *(SORT_BY_NAME(.fini_array.*))
 *(.fini_array*)
 .fini_array    0x08004758        0x4 C:/ST/STM32CubeIDE_1.19.0/STM32CubeIDE/plugins/com.st.stm32cube.ide.mcu.externaltools.gnu-tools-for-stm32.13.3.rel1.win32_1.0.0.202411081344/tools/bin/../lib/gcc/arm-none-eabi/13.3.1/thumb/v7e-m+fp/hard/crtbegin.o
                [!provide]                        PROVIDE (__fini_array_end = .)
                0x0800475c                        . = ALIGN (0x4)
                0x0800475c                        _sidata = LOADADDR (.data)

.rel.dyn        0x0800475c        0x0
 .rel.iplt      0x0800475c        0x0 C:/ST/STM32CubeIDE_1.19.0/STM32CubeIDE/plugins/com.st.stm32cube.ide.mcu.externaltools.gnu-tools-for-stm32.13.3.rel1.win32_1.0.0.202411081344/tools/bin/../lib/gcc/arm-none-eabi/13.3.1/thumb/v7e-m+fp/hard/crtbegin.o

.data           0x20000000       0x5c load address 0x0800475c
                0x20000000                        . = ALIGN (0x4)
                0x20000000                        _sdata = .
 *(.data)
 *(.data*)
 .data.SystemCoreClock
                0x20000000        0x4 ./Core/Src/system_stm32f4xx.o
                0x20000000                SystemCoreClock
 .data.uwTickPrio
                0x20000004        0x4 ./Drivers/STM32F4xx_HAL_Driver/Src/stm32f4xx_hal.o
                0x20000004                uwTickPrio
 .data.uwTickFreq
                0x20000008        0x1 ./Drivers/STM32F4xx_HAL_Driver/Src/stm32f4xx_hal.o
                0x20000008                uwTickFreq
 *fill*         0x20000009        0x3 
 .data._impure_ptr
                0x2000000c        0x4 C:/ST/STM32CubeIDE_1.19.0/STM32CubeIDE/plugins/com.st.stm32cube.ide.mcu.externaltools.gnu-tools-for-stm32.13.3.rel1.win32_1.0.0.202411081344/tools/bin/../lib/gcc/arm-none-eabi/13.3.1/../../../../arm-none-eabi/lib/thumb/v7e-m+fp/hard\libc_nano.a(libc_a-impure.o)
                0x2000000c                _impure_ptr
 .data._impure_data
                0x20000010       0x4c C:/ST/STM32CubeIDE_1.19.0/STM32CubeIDE/plugins/com.st.stm32cube.ide.mcu.externaltools.gnu-tools-for-stm32.13.3.rel1.win32_1.0.0.202411081344/tools/bin/../lib/gcc/arm-none-eabi/13.3.1/../../../../arm-none-eabi/lib/thumb/v7e-m+fp/hard\libc_nano.a(libc_a-impure.o)
                0x20000010                _impure_data
 *(.RamFunc)
 *(.RamFunc*)
                0x2000005c                        . = ALIGN (0x4)
                0x2000005c                        _edata = .
                0x080047b8                        _siccmram = LOADADDR (.ccmram)

.igot.plt       0x2000005c        0x0 load address 0x080047b8
 .igot.plt      0x2000005c        0x0 C:/ST/STM32CubeIDE_1.19.0/STM32CubeIDE/plugins/com.st.stm32cube.ide.mcu.externaltools.gnu-tools-for-stm32.13.3.rel1.win32_1.0.0.202411081344/tools/bin/../lib/gcc/arm-none-eabi/13.3.1/thumb/v7e-m+fp/hard/crtbegin.o

.ccmram         0x10000000        0x0 load address 0x080047b8
                0x10000000                        . = ALIGN (0x4)
                0x10000000                        _sccmram = .
 *(.ccmram)
 *(.ccmram*)
                0x10000000                        . = ALIGN (0x4)
                0x10000000                        _eccmram = .
                0x10000000                        . = ALIGN (0x4)

.bss            0x2000005c      0x1c8
                0x2000005c                        _sbss = .
                0x2000005c                        __bss_start__ = _sbss
 *(.bss)
 .bss           0x2000005c       0x1c C:/ST/STM32CubeIDE_1.19.0/STM32CubeIDE/plugins/com.st.stm32cube.ide.mcu.externaltools.gnu-tools-for-stm32.13.3.rel1.win32_1.0.0.202411081344/tools/bin/../lib/gcc/arm-none-eabi/13.3.1/thumb/v7e-m+fp/hard/crtbegin.o
 *(.bss*)
 .bss._ZL9scheduler
                0x20000078        0x4 ./Core/Src/SchedulerBridge.o
 .bss._ZL7vddTask
                0x2000007c        0x4 ./Core/Src/SchedulerBridge.o
 .bss._ZL8tempTask
                0x20000080        0x4 ./Core/Src/SchedulerBridge.o
 .bss._ZL7cpuTask
                0x20000084        0x4 ./Core/Src/SchedulerBridge.o
 .bss.hadc1     0x20000088       0x48 ./Core/Src/main.o
                0x20000088                hadc1
 .bss.__sbrk_heap_end
                0x200000d0        0x4 ./Core/Src/sysmem.o
 .bss.uwTick    0x200000d4        0x4 ./Drivers/STM32F4xx_HAL_Driver/Src/stm32f4xx_hal.o
                0x200000d4                uwTick
 .bss._ZN12_GLOBAL__N_113__new_handlerE
                0x200000d8        0x4 C:/ST/STM32CubeIDE_1.19.0/STM32CubeIDE/plugins/com.st.stm32cube.ide.mcu.externaltools.gnu-tools-for-stm32.13.3.rel1.win32_1.0.0.202411081344/tools/bin/../lib/gcc/arm-none-eabi/13.3.1/../../../../arm-none-eabi/lib/thumb/v7e-m+fp/hard\libstdc++_nano.a(new_handler.o)
 .bss.__malloc_sbrk_start
                0x200000dc        0x4 C:/ST/STM32CubeIDE_1.19.0/STM32CubeIDE/plugins/com.st.stm32cube.ide.mcu.externaltools.gnu-tools-for-stm32.13.3.rel1.win32_1.0.0.202411081344/tools/bin/../lib/gcc/arm-none-eabi/13.3.1/../../../../arm-none-eabi/lib/thumb/v7e-m+fp/hard\libc_nano.a(libc_a-mallocr.o)
                0x200000dc                __malloc_sbrk_start
 .bss.__malloc_free_list
                0x200000e0        0x4 C:/ST/STM32CubeIDE_1.19.0/STM32CubeIDE/plugins/com.st.stm32cube.ide.mcu.externaltools.gnu-tools-for-stm32.13.3.rel1.win32_1.0.0.202411081344/tools/bin/../lib/gcc/arm-none-eabi/13.3.1/../../../../arm-none-eabi/lib/thumb/v7e-m+fp/hard\libc_nano.a(libc_a-mallocr.o)
                0x200000e0                __malloc_free_list
 .bss.__sf      0x200000e4      0x138 C:/ST/STM32CubeIDE_1.19.0/STM32CubeIDE/plugins/com.st.stm32cube.ide.mcu.externaltools.gnu-tools-for-stm32.13.3.rel1.win32_1.0.0.202411081344/tools/bin/../lib/gcc/arm-none-eabi/13.3.1/../../../../arm-none-eabi/lib/thumb/v7e-m+fp/hard\libc_nano.a(libc_a-findfp.o)
                0x200000e4                __sf
 .bss.errno     0x2000021c        0x4 C:/ST/STM32CubeIDE_1.19.0/STM32CubeIDE/plugins/com.st.stm32cube.ide.mcu.externaltools.gnu-tools-for-stm32.13.3.rel1.win32_1.0.0.202411081344/tools/bin/../lib/gcc/arm-none-eabi/13.3.1/../../../../arm-none-eabi/lib/thumb/v7e-m+fp/hard\libc_nano.a(libc_a-reent.o)
                0x2000021c                errno
 .bss.__lock___malloc_recursive_mutex
                0x20000220        0x1 C:/ST/STM32CubeIDE_1.19.0/STM32CubeIDE/plugins/com.st.stm32cube.ide.mcu.externaltools.gnu-tools-for-stm32.13.3.rel1.win32_1.0.0.202411081344/tools/bin/../lib/gcc/arm-none-eabi/13.3.1/../../../../arm-none-eabi/lib/thumb/v7e-m+fp/hard\libc_nano.a(libc_a-lock.o)
                0x20000220                __lock___malloc_recursive_mutex
 *(COMMON)
                0x20000224                        . = ALIGN (0x4)
 *fill*         0x20000221        0x3 
                0x20000224                        _ebss = .
                0x20000224                        __bss_end__ = _ebss

._user_heap_stack
                0x20000224      0x604
                0x20000228                        . = ALIGN (0x8)
 *fill*         0x20000224        0x4 
                [!provide]                        PROVIDE (end = .)
                0x20000228                        PROVIDE (_end = .)
                0x20000428                        . = (. + _Min_Heap_Size)
 *fill*         0x20000228      0x200 
                0x20000828                        . = (. + _Min_Stack_Size)
 *fill*         0x20000428      0x400 
                0x20000828                        . = ALIGN (0x8)

/DISCARD/
 libc.a(*)
 libm.a(*)
 libgcc.a(*)

.ARM.attributes
                0x00000000       0x30
 *(.ARM.attributes)
 .ARM.attributes
                0x00000000       0x22 C:/ST/STM32CubeIDE_1.19.0/STM32CubeIDE/plugins/com.st.stm32cube.ide.mcu.externaltools.gnu-tools-for-stm32.13.3.rel1.win32_1.0.0.202411081344/tools/bin/../lib/gcc/arm-none-eabi/13.3.1/thumb/v7e-m+fp/hard/crti.o
 .ARM.attributes
                0x00000022       0x34 C:/ST/STM32CubeIDE_1.19.0/STM32CubeIDE/plugins/com.st.stm32cube.ide.mcu.externaltools.gnu-tools-for-stm32.13.3.rel1.win32_1.0.0.202411081344/tools/bin/../lib/gcc/arm-none-eabi/13.3.1/thumb/v7e-m+fp/hard/crtbegin.o
 .ARM.attributes
                0x00000056       0x34 ./Core/Src/ADCHelpers.o
 .ARM.attributes
                0x0000008a       0x34 ./Core/Src/CPULoadTask.o
 .ARM.attributes
                0x000000be       0x34 ./Core/Src/Scheduler.o
 .ARM.attributes
                0x000000f2       0x34 ./Core/Src/SchedulerBridge.o
 .ARM.attributes
                0x00000126       0x34 ./Core/Src/Task.o
 .ARM.attributes
                0x0000015a       0x34 ./Core/Src/TempTask.o
 .ARM.attributes
                0x0000018e       0x34 ./Core/Src/VddTask.o
 .ARM.attributes
                0x000001c2       0x34 ./Core/Src/main.o
 .ARM.attributes
                0x000001f6       0x34 ./Core/Src/stm32f4xx_hal_msp.o
 .ARM.attributes
                0x0000022a       0x34 ./Core/Src/stm32f4xx_it.o
 .ARM.attributes
                0x0000025e       0x34 ./Core/Src/syscalls.o
 .ARM.attributes
                0x00000292       0x34 ./Core/Src/sysmem.o
 .ARM.attributes
                0x000002c6       0x34 ./Core/Src/system_stm32f4xx.o
 .ARM.attributes
                0x000002fa       0x21 ./Core/Startup/startup_stm32f407vgtx.o
 .ARM.attributes
                0x0000031b       0x34 ./Drivers/STM32F4xx_HAL_Driver/Src/stm32f4xx_hal.o
 .ARM.attributes
                0x0000034f       0x34 ./Drivers/STM32F4xx_HAL_Driver/Src/stm32f4xx_hal_adc.o
 .ARM.attributes
                0x00000383       0x34 ./Drivers/STM32F4xx_HAL_Driver/Src/stm32f4xx_hal_cortex.o
 .ARM.attributes
                0x000003b7       0x34 ./Drivers/STM32F4xx_HAL_Driver/Src/stm32f4xx_hal_gpio.o
 .ARM.attributes
                0x000003eb       0x34 ./Drivers/STM32F4xx_HAL_Driver/Src/stm32f4xx_hal_rcc.o
 .ARM.attributes
                0x0000041f       0x34 C:/ST/STM32CubeIDE_1.19.0/STM32CubeIDE/plugins/com.st.stm32cube.ide.mcu.externaltools.gnu-tools-for-stm32.13.3.rel1.win32_1.0.0.202411081344/tools/bin/../lib/gcc/arm-none-eabi/13.3.1/../../../../arm-none-eabi/lib/thumb/v7e-m+fp/hard\libstdc++_nano.a(del_ops.o)
 .ARM.attributes
                0x00000453       0x34 C:/ST/STM32CubeIDE_1.19.0/STM32CubeIDE/plugins/com.st.stm32cube.ide.mcu.externaltools.gnu-tools-for-stm32.13.3.rel1.win32_1.0.0.202411081344/tools/bin/../lib/gcc/arm-none-eabi/13.3.1/../../../../arm-none-eabi/lib/thumb/v7e-m+fp/hard\libstdc++_nano.a(new_op.o)
 .ARM.attributes
                0x00000487       0x34 C:/ST/STM32CubeIDE_1.19.0/STM32CubeIDE/plugins/com.st.stm32cube.ide.mcu.externaltools.gnu-tools-for-stm32.13.3.rel1.win32_1.0.0.202411081344/tools/bin/../lib/gcc/arm-none-eabi/13.3.1/../../../../arm-none-eabi/lib/thumb/v7e-m+fp/hard\libstdc++_nano.a(functexcept.o)
 .ARM.attributes
                0x000004bb       0x34 C:/ST/STM32CubeIDE_1.19.0/STM32CubeIDE/plugins/com.st.stm32cube.ide.mcu.externaltools.gnu-tools-for-stm32.13.3.rel1.win32_1.0.0.202411081344/tools/bin/../lib/gcc/arm-none-eabi/13.3.1/../../../../arm-none-eabi/lib/thumb/v7e-m+fp/hard\libstdc++_nano.a(del_op.o)
 .ARM.attributes
                0x000004ef       0x34 C:/ST/STM32CubeIDE_1.19.0/STM32CubeIDE/plugins/com.st.stm32cube.ide.mcu.externaltools.gnu-tools-for-stm32.13.3.rel1.win32_1.0.0.202411081344/tools/bin/../lib/gcc/arm-none-eabi/13.3.1/../../../../arm-none-eabi/lib/thumb/v7e-m+fp/hard\libstdc++_nano.a(new_handler.o)
 .ARM.attributes
                0x00000523       0x34 C:/ST/STM32CubeIDE_1.19.0/STM32CubeIDE/plugins/com.st.stm32cube.ide.mcu.externaltools.gnu-tools-for-stm32.13.3.rel1.win32_1.0.0.202411081344/tools/bin/../lib/gcc/arm-none-eabi/13.3.1/../../../../arm-none-eabi/lib/thumb/v7e-m+fp/hard\libc_nano.a(libc_a-abort.o)
 .ARM.attributes
                0x00000557       0x34 C:/ST/STM32CubeIDE_1.19.0/STM32CubeIDE/plugins/com.st.stm32cube.ide.mcu.externaltools.gnu-tools-for-stm32.13.3.rel1.win32_1.0.0.202411081344/tools/bin/../lib/gcc/arm-none-eabi/13.3.1/../../../../arm-none-eabi/lib/thumb/v7e-m+fp/hard\libc_nano.a(libc_a-malloc.o)
 .ARM.attributes
                0x0000058b       0x34 C:/ST/STM32CubeIDE_1.19.0/STM32CubeIDE/plugins/com.st.stm32cube.ide.mcu.externaltools.gnu-tools-for-stm32.13.3.rel1.win32_1.0.0.202411081344/tools/bin/../lib/gcc/arm-none-eabi/13.3.1/../../../../arm-none-eabi/lib/thumb/v7e-m+fp/hard\libc_nano.a(libc_a-mallocr.o)
 .ARM.attributes
                0x000005bf       0x34 C:/ST/STM32CubeIDE_1.19.0/STM32CubeIDE/plugins/com.st.stm32cube.ide.mcu.externaltools.gnu-tools-for-stm32.13.3.rel1.win32_1.0.0.202411081344/tools/bin/../lib/gcc/arm-none-eabi/13.3.1/../../../../arm-none-eabi/lib/thumb/v7e-m+fp/hard\libc_nano.a(libc_a-mlock.o)
 .ARM.attributes
                0x000005f3       0x34 C:/ST/STM32CubeIDE_1.19.0/STM32CubeIDE/plugins/com.st.stm32cube.ide.mcu.externaltools.gnu-tools-for-stm32.13.3.rel1.win32_1.0.0.202411081344/tools/bin/../lib/gcc/arm-none-eabi/13.3.1/../../../../arm-none-eabi/lib/thumb/v7e-m+fp/hard\libc_nano.a(libc_a-findfp.o)
 .ARM.attributes
                0x00000627       0x34 C:/ST/STM32CubeIDE_1.19.0/STM32CubeIDE/plugins/com.st.stm32cube.ide.mcu.externaltools.gnu-tools-for-stm32.13.3.rel1.win32_1.0.0.202411081344/tools/bin/../lib/gcc/arm-none-eabi/13.3.1/../../../../arm-none-eabi/lib/thumb/v7e-m+fp/hard\libc_nano.a(libc_a-memmove.o)
 .ARM.attributes
                0x0000065b       0x34 C:/ST/STM32CubeIDE_1.19.0/STM32CubeIDE/plugins/com.st.stm32cube.ide.mcu.externaltools.gnu-tools-for-stm32.13.3.rel1.win32_1.0.0.202411081344/tools/bin/../lib/gcc/arm-none-eabi/13.3.1/../../../../arm-none-eabi/lib/thumb/v7e-m+fp/hard\libc_nano.a(libc_a-memset.o)
 .ARM.attributes
                0x0000068f       0x34 C:/ST/STM32CubeIDE_1.19.0/STM32CubeIDE/plugins/com.st.stm32cube.ide.mcu.externaltools.gnu-tools-for-stm32.13.3.rel1.win32_1.0.0.202411081344/tools/bin/../lib/gcc/arm-none-eabi/13.3.1/../../../../arm-none-eabi/lib/thumb/v7e-m+fp/hard\libc_nano.a(libc_a-signal.o)
 .ARM.attributes
                0x000006c3       0x34 C:/ST/STM32CubeIDE_1.19.0/STM32CubeIDE/plugins/com.st.stm32cube.ide.mcu.externaltools.gnu-tools-for-stm32.13.3.rel1.win32_1.0.0.202411081344/tools/bin/../lib/gcc/arm-none-eabi/13.3.1/../../../../arm-none-eabi/lib/thumb/v7e-m+fp/hard\libc_nano.a(libc_a-reent.o)
 .ARM.attributes
                0x000006f7       0x34 C:/ST/STM32CubeIDE_1.19.0/STM32CubeIDE/plugins/com.st.stm32cube.ide.mcu.externaltools.gnu-tools-for-stm32.13.3.rel1.win32_1.0.0.202411081344/tools/bin/../lib/gcc/arm-none-eabi/13.3.1/../../../../arm-none-eabi/lib/thumb/v7e-m+fp/hard\libc_nano.a(libc_a-impure.o)
 .ARM.attributes
                0x0000072b       0x34 C:/ST/STM32CubeIDE_1.19.0/STM32CubeIDE/plugins/com.st.stm32cube.ide.mcu.externaltools.gnu-tools-for-stm32.13.3.rel1.win32_1.0.0.202411081344/tools/bin/../lib/gcc/arm-none-eabi/13.3.1/../../../../arm-none-eabi/lib/thumb/v7e-m+fp/hard\libc_nano.a(libc_a-signalr.o)
 .ARM.attributes
                0x0000075f       0x34 C:/ST/STM32CubeIDE_1.19.0/STM32CubeIDE/plugins/com.st.stm32cube.ide.mcu.externaltools.gnu-tools-for-stm32.13.3.rel1.win32_1.0.0.202411081344/tools/bin/../lib/gcc/arm-none-eabi/13.3.1/../../../../arm-none-eabi/lib/thumb/v7e-m+fp/hard\libc_nano.a(libc_a-sbrkr.o)
 .ARM.attributes
                0x00000793       0x34 C:/ST/STM32CubeIDE_1.19.0/STM32CubeIDE/plugins/com.st.stm32cube.ide.mcu.externaltools.gnu-tools-for-stm32.13.3.rel1.win32_1.0.0.202411081344/tools/bin/../lib/gcc/arm-none-eabi/13.3.1/../../../../arm-none-eabi/lib/thumb/v7e-m+fp/hard\libc_nano.a(libc_a-errno.o)
 .ARM.attributes
                0x000007c7       0x34 C:/ST/STM32CubeIDE_1.19.0/STM32CubeIDE/plugins/com.st.stm32cube.ide.mcu.externaltools.gnu-tools-for-stm32.13.3.rel1.win32_1.0.0.202411081344/tools/bin/../lib/gcc/arm-none-eabi/13.3.1/../../../../arm-none-eabi/lib/thumb/v7e-m+fp/hard\libc_nano.a(libc_a-init.o)
 .ARM.attributes
                0x000007fb       0x34 C:/ST/STM32CubeIDE_1.19.0/STM32CubeIDE/plugins/com.st.stm32cube.ide.mcu.externaltools.gnu-tools-for-stm32.13.3.rel1.win32_1.0.0.202411081344/tools/bin/../lib/gcc/arm-none-eabi/13.3.1/../../../../arm-none-eabi/lib/thumb/v7e-m+fp/hard\libc_nano.a(libc_a-lock.o)
 .ARM.attributes
                0x0000082f       0x34 C:/ST/STM32CubeIDE_1.19.0/STM32CubeIDE/plugins/com.st.stm32cube.ide.mcu.externaltools.gnu-tools-for-stm32.13.3.rel1.win32_1.0.0.202411081344/tools/bin/../lib/gcc/arm-none-eabi/13.3.1/../../../../arm-none-eabi/lib/thumb/v7e-m+fp/hard\libc_nano.a(libc_a-freer.o)
 .ARM.attributes
                0x00000863       0x22 C:/ST/STM32CubeIDE_1.19.0/STM32CubeIDE/plugins/com.st.stm32cube.ide.mcu.externaltools.gnu-tools-for-stm32.13.3.rel1.win32_1.0.0.202411081344/tools/bin/../lib/gcc/arm-none-eabi/13.3.1/thumb/v7e-m+fp/hard\libgcc.a(_aeabi_uldivmod.o)
 .ARM.attributes
                0x00000885       0x34 C:/ST/STM32CubeIDE_1.19.0/STM32CubeIDE/plugins/com.st.stm32cube.ide.mcu.externaltools.gnu-tools-for-stm32.13.3.rel1.win32_1.0.0.202411081344/tools/bin/../lib/gcc/arm-none-eabi/13.3.1/thumb/v7e-m+fp/hard\libgcc.a(_udivmoddi4.o)
 .ARM.attributes
                0x000008b9       0x22 C:/ST/STM32CubeIDE_1.19.0/STM32CubeIDE/plugins/com.st.stm32cube.ide.mcu.externaltools.gnu-tools-for-stm32.13.3.rel1.win32_1.0.0.202411081344/tools/bin/../lib/gcc/arm-none-eabi/13.3.1/thumb/v7e-m+fp/hard\libgcc.a(_dvmd_tls.o)
 .ARM.attributes
                0x000008db       0x22 C:/ST/STM32CubeIDE_1.19.0/STM32CubeIDE/plugins/com.st.stm32cube.ide.mcu.externaltools.gnu-tools-for-stm32.13.3.rel1.win32_1.0.0.202411081344/tools/bin/../lib/gcc/arm-none-eabi/13.3.1/thumb/v7e-m+fp/hard/crtn.o
OUTPUT(MiniRTOS_CPP_Scheduler.elf elf32-littlearm)
LOAD linker stubs
LOAD C:/ST/STM32CubeIDE_1.19.0/STM32CubeIDE/plugins/com.st.stm32cube.ide.mcu.externaltools.gnu-tools-for-stm32.13.3.rel1.win32_1.0.0.202411081344/tools/bin/../lib/gcc/arm-none-eabi/13.3.1/../../../../arm-none-eabi/lib/thumb/v7e-m+fp/hard\libc.a
LOAD C:/ST/STM32CubeIDE_1.19.0/STM32CubeIDE/plugins/com.st.stm32cube.ide.mcu.externaltools.gnu-tools-for-stm32.13.3.rel1.win32_1.0.0.202411081344/tools/bin/../lib/gcc/arm-none-eabi/13.3.1/../../../../arm-none-eabi/lib/thumb/v7e-m+fp/hard\libm.a
LOAD C:/ST/STM32CubeIDE_1.19.0/STM32CubeIDE/plugins/com.st.stm32cube.ide.mcu.externaltools.gnu-tools-for-stm32.13.3.rel1.win32_1.0.0.202411081344/tools/bin/../lib/gcc/arm-none-eabi/13.3.1/thumb/v7e-m+fp/hard\libgcc.a

.debug_info     0x00000000    0x12c7a
 .debug_info    0x00000000      0xa6e ./Core/Src/ADCHelpers.o
 .debug_info    0x00000a6e     0x22a0 ./Core/Src/CPULoadTask.o
 .debug_info    0x00002d0e     0x5f0f ./Core/Src/Scheduler.o
 .debug_info    0x00008c1d     0x23c9 ./Core/Src/SchedulerBridge.o
 .debug_info    0x0000afe6      0x8b3 ./Core/Src/Task.o
 .debug_info    0x0000b899      0xf67 ./Core/Src/TempTask.o
 .debug_info    0x0000c800      0xf62 ./Core/Src/VddTask.o
 .debug_info    0x0000d762      0xbff ./Core/Src/main.o
 .debug_info    0x0000e361      0x781 ./Core/Src/stm32f4xx_hal_msp.o
 .debug_info    0x0000eae2      0x112 ./Core/Src/stm32f4xx_it.o
 .debug_info    0x0000ebf4      0x6a3 ./Core/Src/syscalls.o
 .debug_info    0x0000f297      0x168 ./Core/Src/sysmem.o
 .debug_info    0x0000f3ff      0x512 ./Core/Src/system_stm32f4xx.o
 .debug_info    0x0000f911       0x30 ./Core/Startup/startup_stm32f407vgtx.o
 .debug_info    0x0000f941      0x944 ./Drivers/STM32F4xx_HAL_Driver/Src/stm32f4xx_hal.o
 .debug_info    0x00010285      0xce3 ./Drivers/STM32F4xx_HAL_Driver/Src/stm32f4xx_hal_adc.o
 .debug_info    0x00010f68      0xd8c ./Drivers/STM32F4xx_HAL_Driver/Src/stm32f4xx_hal_cortex.o
 .debug_info    0x00011cf4      0x6c3 ./Drivers/STM32F4xx_HAL_Driver/Src/stm32f4xx_hal_gpio.o
 .debug_info    0x000123b7      0x8c3 ./Drivers/STM32F4xx_HAL_Driver/Src/stm32f4xx_hal_rcc.o

.debug_abbrev   0x00000000     0x366c
 .debug_abbrev  0x00000000      0x1b4 ./Core/Src/ADCHelpers.o
 .debug_abbrev  0x000001b4      0x68d ./Core/Src/CPULoadTask.o
 .debug_abbrev  0x00000841      0xa2b ./Core/Src/Scheduler.o
 .debug_abbrev  0x0000126c      0x595 ./Core/Src/SchedulerBridge.o
 .debug_abbrev  0x00001801      0x2d4 ./Core/Src/Task.o
 .debug_abbrev  0x00001ad5      0x3ca ./Core/Src/TempTask.o
 .debug_abbrev  0x00001e9f      0x3c7 ./Core/Src/VddTask.o
 .debug_abbrev  0x00002266      0x246 ./Core/Src/main.o
 .debug_abbrev  0x000024ac      0x18f ./Core/Src/stm32f4xx_hal_msp.o
 .debug_abbrev  0x0000263b       0x73 ./Core/Src/stm32f4xx_it.o
 .debug_abbrev  0x000026ae      0x1b6 ./Core/Src/syscalls.o
 .debug_abbrev  0x00002864       0xbc ./Core/Src/sysmem.o
 .debug_abbrev  0x00002920      0x11a ./Core/Src/system_stm32f4xx.o
 .debug_abbrev  0x00002a3a       0x24 ./Core/Startup/startup_stm32f407vgtx.o
 .debug_abbrev  0x00002a5e      0x214 ./Drivers/STM32F4xx_HAL_Driver/Src/stm32f4xx_hal.o
 .debug_abbrev  0x00002c72      0x252 ./Drivers/STM32F4xx_HAL_Driver/Src/stm32f4xx_hal_adc.o
 .debug_abbrev  0x00002ec4      0x31d ./Drivers/STM32F4xx_HAL_Driver/Src/stm32f4xx_hal_cortex.o
 .debug_abbrev  0x000031e1      0x1d4 ./Drivers/STM32F4xx_HAL_Driver/Src/stm32f4xx_hal_gpio.o
 .debug_abbrev  0x000033b5      0x2b7 ./Drivers/STM32F4xx_HAL_Driver/Src/stm32f4xx_hal_rcc.o

.debug_aranges  0x00000000      0xb38
 .debug_aranges
                0x00000000       0x30 ./Core/Src/ADCHelpers.o
 .debug_aranges
                0x00000030       0x58 ./Core/Src/CPULoadTask.o
 .debug_aranges
                0x00000088      0x3b8 ./Core/Src/Scheduler.o
 .debug_aranges
                0x00000440       0x28 ./Core/Src/SchedulerBridge.o
 .debug_aranges
                0x00000468       0x50 ./Core/Src/Task.o
 .debug_aranges
                0x000004b8       0x58 ./Core/Src/TempTask.o
 .debug_aranges
                0x00000510       0x58 ./Core/Src/VddTask.o
 .debug_aranges
                0x00000568       0x40 ./Core/Src/main.o
 .debug_aranges
                0x000005a8       0x30 ./Core/Src/stm32f4xx_hal_msp.o
 .debug_aranges
                0x000005d8       0x60 ./Core/Src/stm32f4xx_it.o
 .debug_aranges
                0x00000638       0xa8 ./Core/Src/syscalls.o
 .debug_aranges
                0x000006e0       0x20 ./Core/Src/sysmem.o
 .debug_aranges
                0x00000700       0x28 ./Core/Src/system_stm32f4xx.o
 .debug_aranges
                0x00000728       0x28 ./Core/Startup/startup_stm32f407vgtx.o
 .debug_aranges
                0x00000750       0xf0 ./Drivers/STM32F4xx_HAL_Driver/Src/stm32f4xx_hal.o
 .debug_aranges
                0x00000840       0xe8 ./Drivers/STM32F4xx_HAL_Driver/Src/stm32f4xx_hal_adc.o
 .debug_aranges
                0x00000928      0x130 ./Drivers/STM32F4xx_HAL_Driver/Src/stm32f4xx_hal_cortex.o
 .debug_aranges
                0x00000a58       0x58 ./Drivers/STM32F4xx_HAL_Driver/Src/stm32f4xx_hal_gpio.o
 .debug_aranges
                0x00000ab0       0x88 ./Drivers/STM32F4xx_HAL_Driver/Src/stm32f4xx_hal_rcc.o

.debug_rnglists
                0x00000000      0x842
 .debug_rnglists
                0x00000000       0x20 ./Core/Src/ADCHelpers.o
 .debug_rnglists
                0x00000020       0x3e ./Core/Src/CPULoadTask.o
 .debug_rnglists
                0x0000005e      0x2df ./Core/Src/Scheduler.o
 .debug_rnglists
                0x0000033d       0x1a ./Core/Src/SchedulerBridge.o
 .debug_rnglists
                0x00000357       0x37 ./Core/Src/Task.o
 .debug_rnglists
                0x0000038e       0x3e ./Core/Src/TempTask.o
 .debug_rnglists
                0x000003cc       0x3e ./Core/Src/VddTask.o
 .debug_rnglists
                0x0000040a       0x2e ./Core/Src/main.o
 .debug_rnglists
                0x00000438       0x1f ./Core/Src/stm32f4xx_hal_msp.o
 .debug_rnglists